<?xml version="1.0" encoding="utf-8"?>
<TestRun id="777a91a2-3171-4665-8158-2459079431ba" name="nikit@TERRACODE 2024-12-17 19:34:43" runUser="TERRACODE\nikit" xmlns="http://microsoft.com/schemas/VisualStudio/TeamTest/2010">
  <Times creation="2024-12-17T19:34:43.8927345+06:00" queuing="2024-12-17T19:34:43.8927348+06:00" start="2024-12-17T19:34:42.8555686+06:00" finish="2024-12-17T19:34:44.1486156+06:00" />
  <TestSettings name="default" id="11229520-4ba7-4366-bfcd-525efd644807">
    <Deployment runDeploymentRoot="nikit_TERRACODE_2024-12-17_19_34_43" />
  </TestSettings>
  <Results>
    <UnitTestResult executionId="4c7a0b24-1299-4a00-af32-520d93b0b03a" testId="f336340c-5538-a39b-ff20-70d11f457970" testName="StarWars.Test.CustomVectorTests.CustomVectorOperatorNotEqualsReturnsTrueForDifferentVectorsTest" computerName="TERRACODE" duration="00:00:00.0001309" startTime="2024-12-17T19:34:43.8725439+06:00" endTime="2024-12-17T19:34:43.8725439+06:00" testType="13cdc9d9-ddb5-4fa4-a97d-d965ccfc6d4b" outcome="Passed" testListId="8c84fa94-04c1-424b-9868-57a2d4851a1d" relativeResultsDirectory="4c7a0b24-1299-4a00-af32-520d93b0b03a" />
    <UnitTestResult executionId="4f7b3097-ea3f-4e81-99cf-3d05f14c387f" testId="b92beb64-22d0-ada7-d00e-1c79d1574d63" testName="StarWars.Test.DegreeCommandTests.FifteenSymbolEqualsTwentyThree" computerName="TERRACODE" duration="00:00:00.0000598" startTime="2024-12-17T19:34:43.8649817+06:00" endTime="2024-12-17T19:34:43.8649817+06:00" testType="13cdc9d9-ddb5-4fa4-a97d-d965ccfc6d4b" outcome="Passed" testListId="8c84fa94-04c1-424b-9868-57a2d4851a1d" relativeResultsDirectory="4f7b3097-ea3f-4e81-99cf-3d05f14c387f" />
    <UnitTestResult executionId="67481dcc-c435-4812-af2d-416e444b1643" testId="0092940d-eb2b-fd49-be44-451e341cec58" testName="StarWars.Test.DegreeCommandTests.OneNotSymbolEqualsTwo" computerName="TERRACODE" duration="00:00:00.0087339" startTime="2024-12-17T19:34:43.8360834+06:00" endTime="2024-12-17T19:34:43.8361026+06:00" testType="13cdc9d9-ddb5-4fa4-a97d-d965ccfc6d4b" outcome="Passed" testListId="8c84fa94-04c1-424b-9868-57a2d4851a1d" relativeResultsDirectory="67481dcc-c435-4812-af2d-416e444b1643" />
    <UnitTestResult executionId="eee4386f-6a1b-4020-bef7-1965f95371ac" testId="404a6a86-a629-9e01-ac0a-915a70c42553" testName="StarWars.Test.DegreeCommandTests.AngleHasHashCode" computerName="TERRACODE" duration="00:00:00.0000967" startTime="2024-12-17T19:34:43.8688633+06:00" endTime="2024-12-17T19:34:43.8688634+06:00" testType="13cdc9d9-ddb5-4fa4-a97d-d965ccfc6d4b" outcome="Passed" testListId="8c84fa94-04c1-424b-9868-57a2d4851a1d" relativeResultsDirectory="eee4386f-6a1b-4020-bef7-1965f95371ac" />
    <UnitTestResult executionId="2c4e0fe0-c771-414a-9ef3-d519b1dbaaef" testId="550e9eb4-e094-4967-f545-1eea23298d0b" testName="StarWars.Test.DegreeCommandTests.FifteenEqualsTwentyThree" computerName="TERRACODE" duration="00:00:00.0000567" startTime="2024-12-17T19:34:43.8695371+06:00" endTime="2024-12-17T19:34:43.8695372+06:00" testType="13cdc9d9-ddb5-4fa4-a97d-d965ccfc6d4b" outcome="Passed" testListId="8c84fa94-04c1-424b-9868-57a2d4851a1d" relativeResultsDirectory="2c4e0fe0-c771-414a-9ef3-d519b1dbaaef" />
    <UnitTestResult executionId="74dd9587-973d-4e0d-82e8-aaa103d1f803" testId="846c10fa-cd62-8b0a-84ec-423c6bc2c9da" testName="StarWars.Test.DegreeCommandTests.Normalize_ShouldWrapNumerator_WhenNegative" computerName="TERRACODE" duration="00:00:00.0000617" startTime="2024-12-17T19:34:43.8701950+06:00" endTime="2024-12-17T19:34:43.8701951+06:00" testType="13cdc9d9-ddb5-4fa4-a97d-d965ccfc6d4b" outcome="Passed" testListId="8c84fa94-04c1-424b-9868-57a2d4851a1d" relativeResultsDirectory="74dd9587-973d-4e0d-82e8-aaa103d1f803" />
    <UnitTestResult executionId="6407ebac-df88-4a67-9e6e-a1b769f4a9ac" testId="2476ae86-867b-56ad-b3e9-024bc350c0e6" testName="StarWars.Test.MoveCommandTests.MoveCommandPositionUpdateTest" computerName="TERRACODE" duration="00:00:00.0675002" startTime="2024-12-17T19:34:43.8924094+06:00" endTime="2024-12-17T19:34:43.8924098+06:00" testType="13cdc9d9-ddb5-4fa4-a97d-d965ccfc6d4b" outcome="Passed" testListId="8c84fa94-04c1-424b-9868-57a2d4851a1d" relativeResultsDirectory="6407ebac-df88-4a67-9e6e-a1b769f4a9ac" />
    <UnitTestResult executionId="d8ee280d-6d88-4173-9b23-bc0181986d46" testId="ddd758ee-9833-c6bc-9f6b-c8e6c12a016f" testName="StarWars.Test.DegreeCommandTests.AngleNotEqualsNotAngle" computerName="TERRACODE" duration="00:00:00.0001483" startTime="2024-12-17T19:34:43.8670726+06:00" endTime="2024-12-17T19:34:43.8670726+06:00" testType="13cdc9d9-ddb5-4fa4-a97d-d965ccfc6d4b" outcome="Passed" testListId="8c84fa94-04c1-424b-9868-57a2d4851a1d" relativeResultsDirectory="d8ee280d-6d88-4173-9b23-bc0181986d46" />
    <UnitTestResult executionId="50b6ce5f-a190-491b-9207-d4647458224d" testId="6c3ed095-5eb8-199b-737a-24513ec5fc6d" testName="StarWars.Test.DegreeCommandTests.Equals_ShouldReturnTrue_WhenEqualNumerators" computerName="TERRACODE" duration="00:00:00.0000527" startTime="2024-12-17T19:34:43.8699783+06:00" endTime="2024-12-17T19:34:43.8699784+06:00" testType="13cdc9d9-ddb5-4fa4-a97d-d965ccfc6d4b" outcome="Passed" testListId="8c84fa94-04c1-424b-9868-57a2d4851a1d" relativeResultsDirectory="50b6ce5f-a190-491b-9207-d4647458224d" />
    <UnitTestResult executionId="1f5af01c-87dd-4237-9026-2be34e9ebbd4" testId="3096ebd9-0f06-f14c-afa4-0c531d9c455f" testName="StarWars.Test.DegreeCommandTests.Sin_ShouldReturnCorrectValue_For180Degrees" computerName="TERRACODE" duration="00:00:00.0000569" startTime="2024-12-17T19:34:43.8679298+06:00" endTime="2024-12-17T19:34:43.8679298+06:00" testType="13cdc9d9-ddb5-4fa4-a97d-d965ccfc6d4b" outcome="Passed" testListId="8c84fa94-04c1-424b-9868-57a2d4851a1d" relativeResultsDirectory="1f5af01c-87dd-4237-9026-2be34e9ebbd4" />
    <UnitTestResult executionId="37c51368-3333-4409-a9ac-d26f5aa0f907" testId="171a0d2d-89a8-eaf4-e7d6-80c63b340ab0" testName="StarWars.Test.CustomVectorTests.CustomVectorOperatorEqualsReturnsTrueForSameReferenceTest" computerName="TERRACODE" duration="00:00:00.0087568" startTime="2024-12-17T19:34:43.8424071+06:00" endTime="2024-12-17T19:34:43.8424072+06:00" testType="13cdc9d9-ddb5-4fa4-a97d-d965ccfc6d4b" outcome="Passed" testListId="8c84fa94-04c1-424b-9868-57a2d4851a1d" relativeResultsDirectory="37c51368-3333-4409-a9ac-d26f5aa0f907" />
    <UnitTestResult executionId="52aedf9c-a5d4-4809-8a22-e60fce56dd5f" testId="8af4438a-10ad-2897-b27a-8b7ffdd2ff4e" testName="StarWars.Test.MoveCommandTests.MoveCommandPositionIsNotWritableTest" computerName="TERRACODE" duration="00:00:00.0009300" startTime="2024-12-17T19:34:43.8943514+06:00" endTime="2024-12-17T19:34:43.8943515+06:00" testType="13cdc9d9-ddb5-4fa4-a97d-d965ccfc6d4b" outcome="Passed" testListId="8c84fa94-04c1-424b-9868-57a2d4851a1d" relativeResultsDirectory="52aedf9c-a5d4-4809-8a22-e60fce56dd5f" />
    <UnitTestResult executionId="2e831491-fd35-4603-8d36-91752500177b" testId="13264aa6-2a8c-9565-b52b-738854e0f66a" testName="StarWars.Test.DegreeCommandTests.Cos_ShouldReturnCorrectValue_For90Degrees" computerName="TERRACODE" duration="00:00:00.0000623" startTime="2024-12-17T19:34:43.8690926+06:00" endTime="2024-12-17T19:34:43.8690927+06:00" testType="13cdc9d9-ddb5-4fa4-a97d-d965ccfc6d4b" outcome="Passed" testListId="8c84fa94-04c1-424b-9868-57a2d4851a1d" relativeResultsDirectory="2e831491-fd35-4603-8d36-91752500177b" />
    <UnitTestResult executionId="0312c5aa-afae-4408-85b6-a4c937a11a4b" testId="1dc0de66-902f-85f7-a5ea-86127747a317" testName="StarWars.Test.DegreeCommandTests.Cos_ShouldReturnCorrectValue_For180Degrees" computerName="TERRACODE" duration="00:00:00.0004706" startTime="2024-12-17T19:34:43.8436608+06:00" endTime="2024-12-17T19:34:43.8436609+06:00" testType="13cdc9d9-ddb5-4fa4-a97d-d965ccfc6d4b" outcome="Passed" testListId="8c84fa94-04c1-424b-9868-57a2d4851a1d" relativeResultsDirectory="0312c5aa-afae-4408-85b6-a4c937a11a4b" />
    <UnitTestResult executionId="8b318b94-1d66-4799-96fc-2276a1835069" testId="ee817547-a9a1-8871-69d2-935e4817a509" testName="StarWars.Test.MoveCommandTests.MoveCommandPositionIsNotReadableTest" computerName="TERRACODE" duration="00:00:00.0004364" startTime="2024-12-17T19:34:43.8948211+06:00" endTime="2024-12-17T19:34:43.8948212+06:00" testType="13cdc9d9-ddb5-4fa4-a97d-d965ccfc6d4b" outcome="Passed" testListId="8c84fa94-04c1-424b-9868-57a2d4851a1d" relativeResultsDirectory="8b318b94-1d66-4799-96fc-2276a1835069" />
    <UnitTestResult executionId="b68757cf-e9e6-404e-b1a3-d12f422bad8d" testId="e7731891-1f60-70ba-dcae-c03fbea36cf5" testName="StarWars.Test.RotateCommandTests.TestCannotReadAngle" computerName="TERRACODE" duration="00:00:00.0004516" startTime="2024-12-17T19:34:43.8938420+06:00" endTime="2024-12-17T19:34:43.8938421+06:00" testType="13cdc9d9-ddb5-4fa4-a97d-d965ccfc6d4b" outcome="Passed" testListId="8c84fa94-04c1-424b-9868-57a2d4851a1d" relativeResultsDirectory="b68757cf-e9e6-404e-b1a3-d12f422bad8d" />
    <UnitTestResult executionId="83f12fc6-59c2-4fc2-966c-a35fc8a51f7d" testId="76a4bb4b-0384-238f-9612-550e9ddc2ba5" testName="StarWars.Test.DegreeCommandTests.NegativeAngle_ShouldNormalizeToPositive" computerName="TERRACODE" duration="00:00:00.0000601" startTime="2024-12-17T19:34:43.8652137+06:00" endTime="2024-12-17T19:34:43.8652138+06:00" testType="13cdc9d9-ddb5-4fa4-a97d-d965ccfc6d4b" outcome="Passed" testListId="8c84fa94-04c1-424b-9868-57a2d4851a1d" relativeResultsDirectory="83f12fc6-59c2-4fc2-966c-a35fc8a51f7d" />
    <UnitTestResult executionId="e477989e-a582-4527-8475-f625ef9cbde4" testId="2c8feb6e-5e81-84cb-84bc-2d3972b76325" testName="StarWars.Test.DegreeCommandTests.Cos_ShouldReturnCorrectValue_For270Degrees" computerName="TERRACODE" duration="00:00:00.0000524" startTime="2024-12-17T19:34:43.8693158+06:00" endTime="2024-12-17T19:34:43.8693159+06:00" testType="13cdc9d9-ddb5-4fa4-a97d-d965ccfc6d4b" outcome="Passed" testListId="8c84fa94-04c1-424b-9868-57a2d4851a1d" relativeResultsDirectory="e477989e-a582-4527-8475-f625ef9cbde4" />
    <UnitTestResult executionId="fb491bff-c3ec-4adb-86fd-0c60304c673a" testId="acfd38b8-7ce4-87c7-b27f-0eae9ab48a18" testName="StarWars.Test.DegreeCommandTests.Addition_ShouldNormalizeResult" computerName="TERRACODE" duration="00:00:00.0000916" startTime="2024-12-17T19:34:43.8645176+06:00" endTime="2024-12-17T19:34:43.8645177+06:00" testType="13cdc9d9-ddb5-4fa4-a97d-d965ccfc6d4b" outcome="Passed" testListId="8c84fa94-04c1-424b-9868-57a2d4851a1d" relativeResultsDirectory="fb491bff-c3ec-4adb-86fd-0c60304c673a" />
    <UnitTestResult executionId="3a24dbd7-5039-4e94-a743-cfbf6aa6d373" testId="779e501a-40a8-a064-9eca-8236935a1ede" testName="StarWars.Test.DegreeCommandTests.Equals_ShouldReturnFalse_WhenOtherType" computerName="TERRACODE" duration="00:00:00.0000538" startTime="2024-12-17T19:34:43.8674594+06:00" endTime="2024-12-17T19:34:43.8674595+06:00" testType="13cdc9d9-ddb5-4fa4-a97d-d965ccfc6d4b" outcome="Passed" testListId="8c84fa94-04c1-424b-9868-57a2d4851a1d" relativeResultsDirectory="3a24dbd7-5039-4e94-a743-cfbf6aa6d373" />
    <UnitTestResult executionId="22281aff-c25f-4407-9c0a-8c1f2a856fc0" testId="64f7d3dd-671d-48a9-6d77-2792e4f70722" testName="StarWars.Test.RotateCommandTests.TestCannotReadRotateVelocity" computerName="TERRACODE" duration="00:00:00.0573615" startTime="2024-12-17T19:34:43.8821483+06:00" endTime="2024-12-17T19:34:43.8821485+06:00" testType="13cdc9d9-ddb5-4fa4-a97d-d965ccfc6d4b" outcome="Passed" testListId="8c84fa94-04c1-424b-9868-57a2d4851a1d" relativeResultsDirectory="22281aff-c25f-4407-9c0a-8c1f2a856fc0" />
    <UnitTestResult executionId="db675dd0-d70e-4f08-acf1-f6de9b020463" testId="2e995f4b-c04b-a51f-f0e5-021e6c7394c3" testName="StarWars.Test.MoveCommandTests.MoveCommandVelocityIsNotReadableTest" computerName="TERRACODE" duration="00:00:00.0009790" startTime="2024-12-17T19:34:43.8935638+06:00" endTime="2024-12-17T19:34:43.8935639+06:00" testType="13cdc9d9-ddb5-4fa4-a97d-d965ccfc6d4b" outcome="Passed" testListId="8c84fa94-04c1-424b-9868-57a2d4851a1d" relativeResultsDirectory="db675dd0-d70e-4f08-acf1-f6de9b020463" />
    <UnitTestResult executionId="615c6e63-2de8-4600-b543-cdccdcc98aa6" testId="6a938709-0298-bdb3-5e05-64171e14e873" testName="StarWars.Test.DegreeCommandTests.Normalize_ShouldWrapNumerator_WhenGreaterThanDenominator" computerName="TERRACODE" duration="00:00:00.0000536" startTime="2024-12-17T19:34:43.8654403+06:00" endTime="2024-12-17T19:34:43.8654404+06:00" testType="13cdc9d9-ddb5-4fa4-a97d-d965ccfc6d4b" outcome="Passed" testListId="8c84fa94-04c1-424b-9868-57a2d4851a1d" relativeResultsDirectory="615c6e63-2de8-4600-b543-cdccdcc98aa6" />
    <UnitTestResult executionId="82cf0d94-f854-4ef2-8b8c-17a6a4af3afd" testId="1d578168-bb70-322d-00ef-77f6ec779ebc" testName="StarWars.Test.DegreeCommandTests.Sin_ShouldReturnCorrectValue_For360Degrees" computerName="TERRACODE" duration="00:00:00.0000604" startTime="2024-12-17T19:34:43.8713335+06:00" endTime="2024-12-17T19:34:43.8713336+06:00" testType="13cdc9d9-ddb5-4fa4-a97d-d965ccfc6d4b" outcome="Passed" testListId="8c84fa94-04c1-424b-9868-57a2d4851a1d" relativeResultsDirectory="82cf0d94-f854-4ef2-8b8c-17a6a4af3afd" />
    <UnitTestResult executionId="007602e2-d40a-4bdc-b124-f19ede7d92fd" testId="6d2cf517-eb77-12f2-b92f-1f38d13518ab" testName="StarWars.Test.CustomVectorTests.CustomVectorOperatorPlusAddsVectorsCorrectlyTest" computerName="TERRACODE" duration="00:00:00.0011366" startTime="2024-12-17T19:34:43.8669560+06:00" endTime="2024-12-17T19:34:43.8669561+06:00" testType="13cdc9d9-ddb5-4fa4-a97d-d965ccfc6d4b" outcome="Passed" testListId="8c84fa94-04c1-424b-9868-57a2d4851a1d" relativeResultsDirectory="007602e2-d40a-4bdc-b124-f19ede7d92fd" />
    <UnitTestResult executionId="f16d07f6-f736-43c8-9e24-7ee6ab0de373" testId="dabd223b-f7d9-2eb5-2271-d614f797e07d" testName="StarWars.Test.DegreeCommandTests.AngleNotEqualsNull" computerName="TERRACODE" duration="00:00:00.0000505" startTime="2024-12-17T19:34:43.8683810+06:00" endTime="2024-12-17T19:34:43.8683811+06:00" testType="13cdc9d9-ddb5-4fa4-a97d-d965ccfc6d4b" outcome="Passed" testListId="8c84fa94-04c1-424b-9868-57a2d4851a1d" relativeResultsDirectory="f16d07f6-f736-43c8-9e24-7ee6ab0de373" />
    <UnitTestResult executionId="344d5aa7-1f61-4d07-919c-d6d234fc78be" testId="a9da1bb8-2fd9-617d-00e0-496d12cfbbc2" testName="StarWars.Test.CustomVectorTests.CustomVectorEqualsReturnsTrueForIdenticalVectorsTest" computerName="TERRACODE" duration="00:00:00.0000897" startTime="2024-12-17T19:34:43.8681539+06:00" endTime="2024-12-17T19:34:43.8681540+06:00" testType="13cdc9d9-ddb5-4fa4-a97d-d965ccfc6d4b" outcome="Passed" testListId="8c84fa94-04c1-424b-9868-57a2d4851a1d" relativeResultsDirectory="344d5aa7-1f61-4d07-919c-d6d234fc78be" />
    <UnitTestResult executionId="2d0a9be8-961b-4929-88b0-912459a6e540" testId="de2643d5-9cf4-3af6-25e9-beba112a557b" testName="StarWars.Test.CustomVectorTests.CustomVectorOperatorPlusThrowsForDifferentLengthsTest" computerName="TERRACODE" duration="00:00:00.0008750" startTime="2024-12-17T19:34:43.8443806+06:00" endTime="2024-12-17T19:34:43.8443807+06:00" testType="13cdc9d9-ddb5-4fa4-a97d-d965ccfc6d4b" outcome="Passed" testListId="8c84fa94-04c1-424b-9868-57a2d4851a1d" relativeResultsDirectory="2d0a9be8-961b-4929-88b0-912459a6e540" />
    <UnitTestResult executionId="b6aa988e-8a64-4c47-81a4-b1e474295776" testId="d2264a18-97e5-2698-e4f2-b0aba558ec47" testName="StarWars.Test.DegreeCommandTests.CosGivesCorrectValue" computerName="TERRACODE" duration="00:00:00.0000512" startTime="2024-12-17T19:34:43.8715539+06:00" endTime="2024-12-17T19:34:43.8715540+06:00" testType="13cdc9d9-ddb5-4fa4-a97d-d965ccfc6d4b" outcome="Passed" testListId="8c84fa94-04c1-424b-9868-57a2d4851a1d" relativeResultsDirectory="b6aa988e-8a64-4c47-81a4-b1e474295776" />
    <UnitTestResult executionId="1a4329c6-b8f6-4849-bd76-6fdb3b6bc901" testId="ebc2f18c-8001-8e8b-da87-8b1152f298b4" testName="StarWars.Test.DegreeCommandTests.Cos_ShouldReturnCorrectValue_For360Degrees" computerName="TERRACODE" duration="00:00:00.0000547" startTime="2024-12-17T19:34:43.8704127+06:00" endTime="2024-12-17T19:34:43.8704128+06:00" testType="13cdc9d9-ddb5-4fa4-a97d-d965ccfc6d4b" outcome="Passed" testListId="8c84fa94-04c1-424b-9868-57a2d4851a1d" relativeResultsDirectory="1a4329c6-b8f6-4849-bd76-6fdb3b6bc901" />
    <UnitTestResult executionId="f828cc33-e886-4a9a-91ac-0a0e367c069e" testId="79639394-4e19-9573-7df4-c5865f865e14" testName="StarWars.Test.DegreeCommandTests.Sin_ShouldReturnCorrectValue_For270Degrees" computerName="TERRACODE" duration="00:00:00.0000563" startTime="2024-12-17T19:34:43.8667153+06:00" endTime="2024-12-17T19:34:43.8667154+06:00" testType="13cdc9d9-ddb5-4fa4-a97d-d965ccfc6d4b" outcome="Passed" testListId="8c84fa94-04c1-424b-9868-57a2d4851a1d" relativeResultsDirectory="f828cc33-e886-4a9a-91ac-0a0e367c069e" />
    <UnitTestResult executionId="9a5344d8-5244-40de-a09f-2944a127ffaa" testId="d2022b69-a585-6ff5-4a60-375124af919e" testName="StarWars.Test.DegreeCommandTests.Sin_ShouldReturnCorrectValue_For0Degrees" computerName="TERRACODE" duration="00:00:00.0001836" startTime="2024-12-17T19:34:43.8439039+06:00" endTime="2024-12-17T19:34:43.8439040+06:00" testType="13cdc9d9-ddb5-4fa4-a97d-d965ccfc6d4b" outcome="Passed" testListId="8c84fa94-04c1-424b-9868-57a2d4851a1d" relativeResultsDirectory="9a5344d8-5244-40de-a09f-2944a127ffaa" />
    <UnitTestResult executionId="5cee4840-7d4a-4081-8691-d5824d65ad58" testId="16943db8-a99f-c497-1927-f242de47f4d2" testName="StarWars.Test.DegreeCommandTests.OneNotEqualsTwo" computerName="TERRACODE" duration="00:00:00.0000571" startTime="2024-12-17T19:34:43.8708845+06:00" endTime="2024-12-17T19:34:43.8708845+06:00" testType="13cdc9d9-ddb5-4fa4-a97d-d965ccfc6d4b" outcome="Passed" testListId="8c84fa94-04c1-424b-9868-57a2d4851a1d" relativeResultsDirectory="5cee4840-7d4a-4081-8691-d5824d65ad58" />
    <UnitTestResult executionId="589ae741-1dc2-4037-a520-2cc65d5ed0d4" testId="0c55cc78-8a29-81ab-1534-d45aa358c56b" testName="StarWars.Test.CustomVectorTests.CustomVectorEqualsReturnsFalseForDifferentTypeTest" computerName="TERRACODE" duration="00:00:00.0001778" startTime="2024-12-17T19:34:43.8640481+06:00" endTime="2024-12-17T19:34:43.8640482+06:00" testType="13cdc9d9-ddb5-4fa4-a97d-d965ccfc6d4b" outcome="Passed" testListId="8c84fa94-04c1-424b-9868-57a2d4851a1d" relativeResultsDirectory="589ae741-1dc2-4037-a520-2cc65d5ed0d4" />
    <UnitTestResult executionId="adac8e20-ee20-400e-b428-a9b51cd2f5b0" testId="43dbe714-6d84-106b-a374-e5d0e9f9f661" testName="StarWars.Test.CustomVectorTests.CustomVectorGetHashCodeReturnsDifferentForDifferentVectorsTest" computerName="TERRACODE" duration="00:00:00.0008502" startTime="2024-12-17T19:34:43.8721022+06:00" endTime="2024-12-17T19:34:43.8721022+06:00" testType="13cdc9d9-ddb5-4fa4-a97d-d965ccfc6d4b" outcome="Passed" testListId="8c84fa94-04c1-424b-9868-57a2d4851a1d" relativeResultsDirectory="adac8e20-ee20-400e-b428-a9b51cd2f5b0" />
    <UnitTestResult executionId="1afb0bd0-4e36-4094-9cb9-eec93b5ebef0" testId="893af1a0-d5d3-8faf-f670-826bba27e799" testName="StarWars.Test.CustomVectorTests.OperatorEquals_ShouldReturnFalseForDifferentVectors" computerName="TERRACODE" duration="00:00:00.0001917" startTime="2024-12-17T19:34:43.8636983+06:00" endTime="2024-12-17T19:34:43.8636984+06:00" testType="13cdc9d9-ddb5-4fa4-a97d-d965ccfc6d4b" outcome="Passed" testListId="8c84fa94-04c1-424b-9868-57a2d4851a1d" relativeResultsDirectory="1afb0bd0-4e36-4094-9cb9-eec93b5ebef0" />
    <UnitTestResult executionId="f7d2fb91-70bb-464b-a62f-db80b3ccacce" testId="11e1c685-9bdd-88db-2ca9-3cb0392c9392" testName="StarWars.Test.RotateCommandTests.Test45plus90" computerName="TERRACODE" duration="00:00:00.0022843" startTime="2024-12-17T19:34:43.8932137+06:00" endTime="2024-12-17T19:34:43.8932139+06:00" testType="13cdc9d9-ddb5-4fa4-a97d-d965ccfc6d4b" outcome="Passed" testListId="8c84fa94-04c1-424b-9868-57a2d4851a1d" relativeResultsDirectory="f7d2fb91-70bb-464b-a62f-db80b3ccacce" />
    <UnitTestResult executionId="f81bd8df-72f7-4da6-8f05-eef9f2f8d384" testId="aa893fe1-33ee-fc78-8bca-94e1cf23cdb7" testName="StarWars.Test.CustomVectorTests.CustomVectorEqualsReturnsFalseForDifferentVectorsTest" computerName="TERRACODE" duration="00:00:00.0001356" startTime="2024-12-17T19:34:43.8723206+06:00" endTime="2024-12-17T19:34:43.8723206+06:00" testType="13cdc9d9-ddb5-4fa4-a97d-d965ccfc6d4b" outcome="Passed" testListId="8c84fa94-04c1-424b-9868-57a2d4851a1d" relativeResultsDirectory="f81bd8df-72f7-4da6-8f05-eef9f2f8d384" />
    <UnitTestResult executionId="287357a5-ecf4-4e6e-b6ea-7d732c5c97e4" testId="6dcf4267-d229-f782-dd2a-28acda58f4b6" testName="StarWars.Test.DegreeCommandTests.Normalize_ShouldNotChange_WhenInRange" computerName="TERRACODE" duration="00:00:00.0000540" startTime="2024-12-17T19:34:43.8719858+06:00" endTime="2024-12-17T19:34:43.8719859+06:00" testType="13cdc9d9-ddb5-4fa4-a97d-d965ccfc6d4b" outcome="Passed" testListId="8c84fa94-04c1-424b-9868-57a2d4851a1d" relativeResultsDirectory="287357a5-ecf4-4e6e-b6ea-7d732c5c97e4" />
    <UnitTestResult executionId="2a7ace5d-b210-4573-9d58-8b31714474c9" testId="da83f552-a85b-34e5-5d3a-0a286c957041" testName="StarWars.Test.DegreeCommandTests.FivePlusSevenEqualsFour" computerName="TERRACODE" duration="00:00:00.0020842" startTime="2024-12-17T19:34:43.8642883+06:00" endTime="2024-12-17T19:34:43.8642884+06:00" testType="13cdc9d9-ddb5-4fa4-a97d-d965ccfc6d4b" outcome="Passed" testListId="8c84fa94-04c1-424b-9868-57a2d4851a1d" relativeResultsDirectory="2a7ace5d-b210-4573-9d58-8b31714474c9" />
    <UnitTestResult executionId="e08a553b-615c-495e-b31d-3d2151b112c4" testId="86059e1b-86ce-b46b-c535-ab190a984815" testName="StarWars.Test.DegreeCommandTests.SinGivesCorrectValue" computerName="TERRACODE" duration="00:00:00.0000725" startTime="2024-12-17T19:34:43.8647460+06:00" endTime="2024-12-17T19:34:43.8647460+06:00" testType="13cdc9d9-ddb5-4fa4-a97d-d965ccfc6d4b" outcome="Passed" testListId="8c84fa94-04c1-424b-9868-57a2d4851a1d" relativeResultsDirectory="e08a553b-615c-495e-b31d-3d2151b112c4" />
    <UnitTestResult executionId="1576abec-9981-4a91-a79c-7c4f04fe67f5" testId="3db7631c-7160-86ff-cc51-cd50965435e3" testName="StarWars.Test.CustomVectorTests.CustomVecorIsInitializableTest" computerName="TERRACODE" duration="00:00:00.0011396" startTime="2024-12-17T19:34:43.8441464+06:00" endTime="2024-12-17T19:34:43.8441465+06:00" testType="13cdc9d9-ddb5-4fa4-a97d-d965ccfc6d4b" outcome="Passed" testListId="8c84fa94-04c1-424b-9868-57a2d4851a1d" relativeResultsDirectory="1576abec-9981-4a91-a79c-7c4f04fe67f5" />
    <UnitTestResult executionId="7b6c6a1e-83cf-4019-939d-35eef76db2a0" testId="c80997a1-11dd-5939-26c6-9df86c84da61" testName="StarWars.Test.DegreeCommandTests.Cos_ShouldReturnCorrectValue_For0Degrees" computerName="TERRACODE" duration="00:00:00.0000505" startTime="2024-12-17T19:34:43.8717693+06:00" endTime="2024-12-17T19:34:43.8717694+06:00" testType="13cdc9d9-ddb5-4fa4-a97d-d965ccfc6d4b" outcome="Passed" testListId="8c84fa94-04c1-424b-9868-57a2d4851a1d" relativeResultsDirectory="7b6c6a1e-83cf-4019-939d-35eef76db2a0" />
    <UnitTestResult executionId="5484b04a-f2f0-4049-adde-921367cfb061" testId="ffb44b75-25d7-b1e5-b4e3-20d63554c219" testName="StarWars.Test.CustomVectorTests.CustomVectorGetHashCodeReturnsSameForIdenticalVectorsTest" computerName="TERRACODE" duration="00:00:00.0004174" startTime="2024-12-17T19:34:43.8697574+06:00" endTime="2024-12-17T19:34:43.8697574+06:00" testType="13cdc9d9-ddb5-4fa4-a97d-d965ccfc6d4b" outcome="Passed" testListId="8c84fa94-04c1-424b-9868-57a2d4851a1d" relativeResultsDirectory="5484b04a-f2f0-4049-adde-921367cfb061" />
    <UnitTestResult executionId="c7a4abdf-e6f6-4e0c-8f84-c4f22beb61bb" testId="330e4737-df4e-d90f-ecb3-588aa8e905f5" testName="StarWars.Test.CustomVectorTests.CustomVectorEqualsReturnsFalseForNullTest" computerName="TERRACODE" duration="00:00:00.0000749" startTime="2024-12-17T19:34:43.8677003+06:00" endTime="2024-12-17T19:34:43.8677003+06:00" testType="13cdc9d9-ddb5-4fa4-a97d-d965ccfc6d4b" outcome="Passed" testListId="8c84fa94-04c1-424b-9868-57a2d4851a1d" relativeResultsDirectory="c7a4abdf-e6f6-4e0c-8f84-c4f22beb61bb" />
    <UnitTestResult executionId="4b435c34-10a5-4cd9-ac9b-4192b3e64d52" testId="cfb378b0-daa5-c153-6ba8-e8e1080f66b8" testName="StarWars.Test.RotateCommandTests.TestCannotSetAngle" computerName="TERRACODE" duration="00:00:00.0086602" startTime="2024-12-17T19:34:43.8908701+06:00" endTime="2024-12-17T19:34:43.8908704+06:00" testType="13cdc9d9-ddb5-4fa4-a97d-d965ccfc6d4b" outcome="Passed" testListId="8c84fa94-04c1-424b-9868-57a2d4851a1d" relativeResultsDirectory="4b435c34-10a5-4cd9-ac9b-4192b3e64d52" />
    <UnitTestResult executionId="b9c433c2-99b0-4191-b519-09b8213fd923" testId="a07094ab-b9ef-5704-fd03-eb9cdecf3c1a" testName="StarWars.Test.DegreeCommandTests.Sin_ShouldReturnCorrectValue_For90Degrees" computerName="TERRACODE" duration="00:00:00.0000542" startTime="2024-12-17T19:34:43.8711066+06:00" endTime="2024-12-17T19:34:43.8711067+06:00" testType="13cdc9d9-ddb5-4fa4-a97d-d965ccfc6d4b" outcome="Passed" testListId="8c84fa94-04c1-424b-9868-57a2d4851a1d" relativeResultsDirectory="b9c433c2-99b0-4191-b519-09b8213fd923" />
  </Results>
  <TestDefinitions>
    <UnitTest name="StarWars.Test.DegreeCommandTests.Addition_ShouldNormalizeResult" storage="f:\coding\study\oopnd\starwars.tests\bin\debug\net8.0\starwars.tests.dll" id="acfd38b8-7ce4-87c7-b27f-0eae9ab48a18">
      <Execution id="fb491bff-c3ec-4adb-86fd-0c60304c673a" />
      <TestMethod codeBase="F:\Coding\study\OOPnD\StarWars.Tests\bin\Debug\net8.0\StarWars.Tests.dll" adapterTypeName="executor://xunit/VsTestRunner2/netcoreapp" className="StarWars.Test.DegreeCommandTests" name="Addition_ShouldNormalizeResult" />
    </UnitTest>
    <UnitTest name="StarWars.Test.MoveCommandTests.MoveCommandPositionIsNotWritableTest" storage="f:\coding\study\oopnd\starwars.tests\bin\debug\net8.0\starwars.tests.dll" id="8af4438a-10ad-2897-b27a-8b7ffdd2ff4e">
      <Execution id="52aedf9c-a5d4-4809-8a22-e60fce56dd5f" />
      <TestMethod codeBase="F:\Coding\study\OOPnD\StarWars.Tests\bin\Debug\net8.0\StarWars.Tests.dll" adapterTypeName="executor://xunit/VsTestRunner2/netcoreapp" className="StarWars.Test.MoveCommandTests" name="MoveCommandPositionIsNotWritableTest" />
    </UnitTest>
    <UnitTest name="StarWars.Test.DegreeCommandTests.Sin_ShouldReturnCorrectValue_For90Degrees" storage="f:\coding\study\oopnd\starwars.tests\bin\debug\net8.0\starwars.tests.dll" id="a07094ab-b9ef-5704-fd03-eb9cdecf3c1a">
      <Execution id="b9c433c2-99b0-4191-b519-09b8213fd923" />
      <TestMethod codeBase="F:\Coding\study\OOPnD\StarWars.Tests\bin\Debug\net8.0\StarWars.Tests.dll" adapterTypeName="executor://xunit/VsTestRunner2/netcoreapp" className="StarWars.Test.DegreeCommandTests" name="Sin_ShouldReturnCorrectValue_For90Degrees" />
    </UnitTest>
    <UnitTest name="StarWars.Test.DegreeCommandTests.Sin_ShouldReturnCorrectValue_For180Degrees" storage="f:\coding\study\oopnd\starwars.tests\bin\debug\net8.0\starwars.tests.dll" id="3096ebd9-0f06-f14c-afa4-0c531d9c455f">
      <Execution id="1f5af01c-87dd-4237-9026-2be34e9ebbd4" />
      <TestMethod codeBase="F:\Coding\study\OOPnD\StarWars.Tests\bin\Debug\net8.0\StarWars.Tests.dll" adapterTypeName="executor://xunit/VsTestRunner2/netcoreapp" className="StarWars.Test.DegreeCommandTests" name="Sin_ShouldReturnCorrectValue_For180Degrees" />
    </UnitTest>
    <UnitTest name="StarWars.Test.DegreeCommandTests.Sin_ShouldReturnCorrectValue_For360Degrees" storage="f:\coding\study\oopnd\starwars.tests\bin\debug\net8.0\starwars.tests.dll" id="1d578168-bb70-322d-00ef-77f6ec779ebc">
      <Execution id="82cf0d94-f854-4ef2-8b8c-17a6a4af3afd" />
      <TestMethod codeBase="F:\Coding\study\OOPnD\StarWars.Tests\bin\Debug\net8.0\StarWars.Tests.dll" adapterTypeName="executor://xunit/VsTestRunner2/netcoreapp" className="StarWars.Test.DegreeCommandTests" name="Sin_ShouldReturnCorrectValue_For360Degrees" />
    </UnitTest>
    <UnitTest name="StarWars.Test.DegreeCommandTests.OneNotEqualsTwo" storage="f:\coding\study\oopnd\starwars.tests\bin\debug\net8.0\starwars.tests.dll" id="16943db8-a99f-c497-1927-f242de47f4d2">
      <Execution id="5cee4840-7d4a-4081-8691-d5824d65ad58" />
      <TestMethod codeBase="F:\Coding\study\OOPnD\StarWars.Tests\bin\Debug\net8.0\StarWars.Tests.dll" adapterTypeName="executor://xunit/VsTestRunner2/netcoreapp" className="StarWars.Test.DegreeCommandTests" name="OneNotEqualsTwo" />
    </UnitTest>
    <UnitTest name="StarWars.Test.RotateCommandTests.Test45plus90" storage="f:\coding\study\oopnd\starwars.tests\bin\debug\net8.0\starwars.tests.dll" id="11e1c685-9bdd-88db-2ca9-3cb0392c9392">
      <Execution id="f7d2fb91-70bb-464b-a62f-db80b3ccacce" />
      <TestMethod codeBase="F:\Coding\study\OOPnD\StarWars.Tests\bin\Debug\net8.0\StarWars.Tests.dll" adapterTypeName="executor://xunit/VsTestRunner2/netcoreapp" className="StarWars.Test.RotateCommandTests" name="Test45plus90" />
    </UnitTest>
    <UnitTest name="StarWars.Test.CustomVectorTests.CustomVectorEqualsReturnsTrueForIdenticalVectorsTest" storage="f:\coding\study\oopnd\starwars.tests\bin\debug\net8.0\starwars.tests.dll" id="a9da1bb8-2fd9-617d-00e0-496d12cfbbc2">
      <Execution id="344d5aa7-1f61-4d07-919c-d6d234fc78be" />
      <TestMethod codeBase="F:\Coding\study\OOPnD\StarWars.Tests\bin\Debug\net8.0\StarWars.Tests.dll" adapterTypeName="executor://xunit/VsTestRunner2/netcoreapp" className="StarWars.Test.CustomVectorTests" name="CustomVectorEqualsReturnsTrueForIdenticalVectorsTest" />
    </UnitTest>
    <UnitTest name="StarWars.Test.RotateCommandTests.TestCannotSetAngle" storage="f:\coding\study\oopnd\starwars.tests\bin\debug\net8.0\starwars.tests.dll" id="cfb378b0-daa5-c153-6ba8-e8e1080f66b8">
      <Execution id="4b435c34-10a5-4cd9-ac9b-4192b3e64d52" />
      <TestMethod codeBase="F:\Coding\study\OOPnD\StarWars.Tests\bin\Debug\net8.0\StarWars.Tests.dll" adapterTypeName="executor://xunit/VsTestRunner2/netcoreapp" className="StarWars.Test.RotateCommandTests" name="TestCannotSetAngle" />
    </UnitTest>
    <UnitTest name="StarWars.Test.DegreeCommandTests.Cos_ShouldReturnCorrectValue_For180Degrees" storage="f:\coding\study\oopnd\starwars.tests\bin\debug\net8.0\starwars.tests.dll" id="1dc0de66-902f-85f7-a5ea-86127747a317">
      <Execution id="0312c5aa-afae-4408-85b6-a4c937a11a4b" />
      <TestMethod codeBase="F:\Coding\study\OOPnD\StarWars.Tests\bin\Debug\net8.0\StarWars.Tests.dll" adapterTypeName="executor://xunit/VsTestRunner2/netcoreapp" className="StarWars.Test.DegreeCommandTests" name="Cos_ShouldReturnCorrectValue_For180Degrees" />
    </UnitTest>
    <UnitTest name="StarWars.Test.CustomVectorTests.CustomVectorOperatorPlusAddsVectorsCorrectlyTest" storage="f:\coding\study\oopnd\starwars.tests\bin\debug\net8.0\starwars.tests.dll" id="6d2cf517-eb77-12f2-b92f-1f38d13518ab">
      <Execution id="007602e2-d40a-4bdc-b124-f19ede7d92fd" />
      <TestMethod codeBase="F:\Coding\study\OOPnD\StarWars.Tests\bin\Debug\net8.0\StarWars.Tests.dll" adapterTypeName="executor://xunit/VsTestRunner2/netcoreapp" className="StarWars.Test.CustomVectorTests" name="CustomVectorOperatorPlusAddsVectorsCorrectlyTest" />
    </UnitTest>
    <UnitTest name="StarWars.Test.CustomVectorTests.CustomVecorIsInitializableTest" storage="f:\coding\study\oopnd\starwars.tests\bin\debug\net8.0\starwars.tests.dll" id="3db7631c-7160-86ff-cc51-cd50965435e3">
      <Execution id="1576abec-9981-4a91-a79c-7c4f04fe67f5" />
      <TestMethod codeBase="F:\Coding\study\OOPnD\StarWars.Tests\bin\Debug\net8.0\StarWars.Tests.dll" adapterTypeName="executor://xunit/VsTestRunner2/netcoreapp" className="StarWars.Test.CustomVectorTests" name="CustomVecorIsInitializableTest" />
    </UnitTest>
    <UnitTest name="StarWars.Test.DegreeCommandTests.Equals_ShouldReturnTrue_WhenEqualNumerators" storage="f:\coding\study\oopnd\starwars.tests\bin\debug\net8.0\starwars.tests.dll" id="6c3ed095-5eb8-199b-737a-24513ec5fc6d">
      <Execution id="50b6ce5f-a190-491b-9207-d4647458224d" />
      <TestMethod codeBase="F:\Coding\study\OOPnD\StarWars.Tests\bin\Debug\net8.0\StarWars.Tests.dll" adapterTypeName="executor://xunit/VsTestRunner2/netcoreapp" className="StarWars.Test.DegreeCommandTests" name="Equals_ShouldReturnTrue_WhenEqualNumerators" />
    </UnitTest>
    <UnitTest name="StarWars.Test.MoveCommandTests.MoveCommandVelocityIsNotReadableTest" storage="f:\coding\study\oopnd\starwars.tests\bin\debug\net8.0\starwars.tests.dll" id="2e995f4b-c04b-a51f-f0e5-021e6c7394c3">
      <Execution id="db675dd0-d70e-4f08-acf1-f6de9b020463" />
      <TestMethod codeBase="F:\Coding\study\OOPnD\StarWars.Tests\bin\Debug\net8.0\StarWars.Tests.dll" adapterTypeName="executor://xunit/VsTestRunner2/netcoreapp" className="StarWars.Test.MoveCommandTests" name="MoveCommandVelocityIsNotReadableTest" />
    </UnitTest>
    <UnitTest name="StarWars.Test.DegreeCommandTests.FifteenSymbolEqualsTwentyThree" storage="f:\coding\study\oopnd\starwars.tests\bin\debug\net8.0\starwars.tests.dll" id="b92beb64-22d0-ada7-d00e-1c79d1574d63">
      <Execution id="4f7b3097-ea3f-4e81-99cf-3d05f14c387f" />
      <TestMethod codeBase="F:\Coding\study\OOPnD\StarWars.Tests\bin\Debug\net8.0\StarWars.Tests.dll" adapterTypeName="executor://xunit/VsTestRunner2/netcoreapp" className="StarWars.Test.DegreeCommandTests" name="FifteenSymbolEqualsTwentyThree" />
    </UnitTest>
    <UnitTest name="StarWars.Test.DegreeCommandTests.AngleNotEqualsNotAngle" storage="f:\coding\study\oopnd\starwars.tests\bin\debug\net8.0\starwars.tests.dll" id="ddd758ee-9833-c6bc-9f6b-c8e6c12a016f">
      <Execution id="d8ee280d-6d88-4173-9b23-bc0181986d46" />
      <TestMethod codeBase="F:\Coding\study\OOPnD\StarWars.Tests\bin\Debug\net8.0\StarWars.Tests.dll" adapterTypeName="executor://xunit/VsTestRunner2/netcoreapp" className="StarWars.Test.DegreeCommandTests" name="AngleNotEqualsNotAngle" />
    </UnitTest>
    <UnitTest name="StarWars.Test.CustomVectorTests.CustomVectorGetHashCodeReturnsDifferentForDifferentVectorsTest" storage="f:\coding\study\oopnd\starwars.tests\bin\debug\net8.0\starwars.tests.dll" id="43dbe714-6d84-106b-a374-e5d0e9f9f661">
      <Execution id="adac8e20-ee20-400e-b428-a9b51cd2f5b0" />
      <TestMethod codeBase="F:\Coding\study\OOPnD\StarWars.Tests\bin\Debug\net8.0\StarWars.Tests.dll" adapterTypeName="executor://xunit/VsTestRunner2/netcoreapp" className="StarWars.Test.CustomVectorTests" name="CustomVectorGetHashCodeReturnsDifferentForDifferentVectorsTest" />
    </UnitTest>
    <UnitTest name="StarWars.Test.DegreeCommandTests.AngleHasHashCode" storage="f:\coding\study\oopnd\starwars.tests\bin\debug\net8.0\starwars.tests.dll" id="404a6a86-a629-9e01-ac0a-915a70c42553">
      <Execution id="eee4386f-6a1b-4020-bef7-1965f95371ac" />
      <TestMethod codeBase="F:\Coding\study\OOPnD\StarWars.Tests\bin\Debug\net8.0\StarWars.Tests.dll" adapterTypeName="executor://xunit/VsTestRunner2/netcoreapp" className="StarWars.Test.DegreeCommandTests" name="AngleHasHashCode" />
    </UnitTest>
    <UnitTest name="StarWars.Test.DegreeCommandTests.SinGivesCorrectValue" storage="f:\coding\study\oopnd\starwars.tests\bin\debug\net8.0\starwars.tests.dll" id="86059e1b-86ce-b46b-c535-ab190a984815">
      <Execution id="e08a553b-615c-495e-b31d-3d2151b112c4" />
      <TestMethod codeBase="F:\Coding\study\OOPnD\StarWars.Tests\bin\Debug\net8.0\StarWars.Tests.dll" adapterTypeName="executor://xunit/VsTestRunner2/netcoreapp" className="StarWars.Test.DegreeCommandTests" name="SinGivesCorrectValue" />
    </UnitTest>
    <UnitTest name="StarWars.Test.CustomVectorTests.CustomVectorEqualsReturnsFalseForNullTest" storage="f:\coding\study\oopnd\starwars.tests\bin\debug\net8.0\starwars.tests.dll" id="330e4737-df4e-d90f-ecb3-588aa8e905f5">
      <Execution id="c7a4abdf-e6f6-4e0c-8f84-c4f22beb61bb" />
      <TestMethod codeBase="F:\Coding\study\OOPnD\StarWars.Tests\bin\Debug\net8.0\StarWars.Tests.dll" adapterTypeName="executor://xunit/VsTestRunner2/netcoreapp" className="StarWars.Test.CustomVectorTests" name="CustomVectorEqualsReturnsFalseForNullTest" />
    </UnitTest>
    <UnitTest name="StarWars.Test.DegreeCommandTests.Cos_ShouldReturnCorrectValue_For270Degrees" storage="f:\coding\study\oopnd\starwars.tests\bin\debug\net8.0\starwars.tests.dll" id="2c8feb6e-5e81-84cb-84bc-2d3972b76325">
      <Execution id="e477989e-a582-4527-8475-f625ef9cbde4" />
      <TestMethod codeBase="F:\Coding\study\OOPnD\StarWars.Tests\bin\Debug\net8.0\StarWars.Tests.dll" adapterTypeName="executor://xunit/VsTestRunner2/netcoreapp" className="StarWars.Test.DegreeCommandTests" name="Cos_ShouldReturnCorrectValue_For270Degrees" />
    </UnitTest>
    <UnitTest name="StarWars.Test.DegreeCommandTests.OneNotSymbolEqualsTwo" storage="f:\coding\study\oopnd\starwars.tests\bin\debug\net8.0\starwars.tests.dll" id="0092940d-eb2b-fd49-be44-451e341cec58">
      <Execution id="67481dcc-c435-4812-af2d-416e444b1643" />
      <TestMethod codeBase="F:\Coding\study\OOPnD\StarWars.Tests\bin\Debug\net8.0\StarWars.Tests.dll" adapterTypeName="executor://xunit/VsTestRunner2/netcoreapp" className="StarWars.Test.DegreeCommandTests" name="OneNotSymbolEqualsTwo" />
    </UnitTest>
    <UnitTest name="StarWars.Test.DegreeCommandTests.Cos_ShouldReturnCorrectValue_For0Degrees" storage="f:\coding\study\oopnd\starwars.tests\bin\debug\net8.0\starwars.tests.dll" id="c80997a1-11dd-5939-26c6-9df86c84da61">
      <Execution id="7b6c6a1e-83cf-4019-939d-35eef76db2a0" />
      <TestMethod codeBase="F:\Coding\study\OOPnD\StarWars.Tests\bin\Debug\net8.0\StarWars.Tests.dll" adapterTypeName="executor://xunit/VsTestRunner2/netcoreapp" className="StarWars.Test.DegreeCommandTests" name="Cos_ShouldReturnCorrectValue_For0Degrees" />
    </UnitTest>
    <UnitTest name="StarWars.Test.MoveCommandTests.MoveCommandPositionIsNotReadableTest" storage="f:\coding\study\oopnd\starwars.tests\bin\debug\net8.0\starwars.tests.dll" id="ee817547-a9a1-8871-69d2-935e4817a509">
      <Execution id="8b318b94-1d66-4799-96fc-2276a1835069" />
      <TestMethod codeBase="F:\Coding\study\OOPnD\StarWars.Tests\bin\Debug\net8.0\StarWars.Tests.dll" adapterTypeName="executor://xunit/VsTestRunner2/netcoreapp" className="StarWars.Test.MoveCommandTests" name="MoveCommandPositionIsNotReadableTest" />
    </UnitTest>
    <UnitTest name="StarWars.Test.DegreeCommandTests.Cos_ShouldReturnCorrectValue_For360Degrees" storage="f:\coding\study\oopnd\starwars.tests\bin\debug\net8.0\starwars.tests.dll" id="ebc2f18c-8001-8e8b-da87-8b1152f298b4">
      <Execution id="1a4329c6-b8f6-4849-bd76-6fdb3b6bc901" />
      <TestMethod codeBase="F:\Coding\study\OOPnD\StarWars.Tests\bin\Debug\net8.0\StarWars.Tests.dll" adapterTypeName="executor://xunit/VsTestRunner2/netcoreapp" className="StarWars.Test.DegreeCommandTests" name="Cos_ShouldReturnCorrectValue_For360Degrees" />
    </UnitTest>
    <UnitTest name="StarWars.Test.DegreeCommandTests.NegativeAngle_ShouldNormalizeToPositive" storage="f:\coding\study\oopnd\starwars.tests\bin\debug\net8.0\starwars.tests.dll" id="76a4bb4b-0384-238f-9612-550e9ddc2ba5">
      <Execution id="83f12fc6-59c2-4fc2-966c-a35fc8a51f7d" />
      <TestMethod codeBase="F:\Coding\study\OOPnD\StarWars.Tests\bin\Debug\net8.0\StarWars.Tests.dll" adapterTypeName="executor://xunit/VsTestRunner2/netcoreapp" className="StarWars.Test.DegreeCommandTests" name="NegativeAngle_ShouldNormalizeToPositive" />
    </UnitTest>
    <UnitTest name="StarWars.Test.CustomVectorTests.CustomVectorOperatorEqualsReturnsTrueForSameReferenceTest" storage="f:\coding\study\oopnd\starwars.tests\bin\debug\net8.0\starwars.tests.dll" id="171a0d2d-89a8-eaf4-e7d6-80c63b340ab0">
      <Execution id="37c51368-3333-4409-a9ac-d26f5aa0f907" />
      <TestMethod codeBase="F:\Coding\study\OOPnD\StarWars.Tests\bin\Debug\net8.0\StarWars.Tests.dll" adapterTypeName="executor://xunit/VsTestRunner2/netcoreapp" className="StarWars.Test.CustomVectorTests" name="CustomVectorOperatorEqualsReturnsTrueForSameReferenceTest" />
    </UnitTest>
    <UnitTest name="StarWars.Test.CustomVectorTests.CustomVectorOperatorPlusThrowsForDifferentLengthsTest" storage="f:\coding\study\oopnd\starwars.tests\bin\debug\net8.0\starwars.tests.dll" id="de2643d5-9cf4-3af6-25e9-beba112a557b">
      <Execution id="2d0a9be8-961b-4929-88b0-912459a6e540" />
      <TestMethod codeBase="F:\Coding\study\OOPnD\StarWars.Tests\bin\Debug\net8.0\StarWars.Tests.dll" adapterTypeName="executor://xunit/VsTestRunner2/netcoreapp" className="StarWars.Test.CustomVectorTests" name="CustomVectorOperatorPlusThrowsForDifferentLengthsTest" />
    </UnitTest>
    <UnitTest name="StarWars.Test.DegreeCommandTests.AngleNotEqualsNull" storage="f:\coding\study\oopnd\starwars.tests\bin\debug\net8.0\starwars.tests.dll" id="dabd223b-f7d9-2eb5-2271-d614f797e07d">
      <Execution id="f16d07f6-f736-43c8-9e24-7ee6ab0de373" />
      <TestMethod codeBase="F:\Coding\study\OOPnD\StarWars.Tests\bin\Debug\net8.0\StarWars.Tests.dll" adapterTypeName="executor://xunit/VsTestRunner2/netcoreapp" className="StarWars.Test.DegreeCommandTests" name="AngleNotEqualsNull" />
    </UnitTest>
    <UnitTest name="StarWars.Test.MoveCommandTests.MoveCommandPositionUpdateTest" storage="f:\coding\study\oopnd\starwars.tests\bin\debug\net8.0\starwars.tests.dll" id="2476ae86-867b-56ad-b3e9-024bc350c0e6">
      <Execution id="6407ebac-df88-4a67-9e6e-a1b769f4a9ac" />
      <TestMethod codeBase="F:\Coding\study\OOPnD\StarWars.Tests\bin\Debug\net8.0\StarWars.Tests.dll" adapterTypeName="executor://xunit/VsTestRunner2/netcoreapp" className="StarWars.Test.MoveCommandTests" name="MoveCommandPositionUpdateTest" />
    </UnitTest>
    <UnitTest name="StarWars.Test.DegreeCommandTests.Sin_ShouldReturnCorrectValue_For0Degrees" storage="f:\coding\study\oopnd\starwars.tests\bin\debug\net8.0\starwars.tests.dll" id="d2022b69-a585-6ff5-4a60-375124af919e">
      <Execution id="9a5344d8-5244-40de-a09f-2944a127ffaa" />
      <TestMethod codeBase="F:\Coding\study\OOPnD\StarWars.Tests\bin\Debug\net8.0\StarWars.Tests.dll" adapterTypeName="executor://xunit/VsTestRunner2/netcoreapp" className="StarWars.Test.DegreeCommandTests" name="Sin_ShouldReturnCorrectValue_For0Degrees" />
    </UnitTest>
    <UnitTest name="StarWars.Test.CustomVectorTests.CustomVectorOperatorNotEqualsReturnsTrueForDifferentVectorsTest" storage="f:\coding\study\oopnd\starwars.tests\bin\debug\net8.0\starwars.tests.dll" id="f336340c-5538-a39b-ff20-70d11f457970">
      <Execution id="4c7a0b24-1299-4a00-af32-520d93b0b03a" />
      <TestMethod codeBase="F:\Coding\study\OOPnD\StarWars.Tests\bin\Debug\net8.0\StarWars.Tests.dll" adapterTypeName="executor://xunit/VsTestRunner2/netcoreapp" className="StarWars.Test.CustomVectorTests" name="CustomVectorOperatorNotEqualsReturnsTrueForDifferentVectorsTest" />
    </UnitTest>
    <UnitTest name="StarWars.Test.RotateCommandTests.TestCannotReadRotateVelocity" storage="f:\coding\study\oopnd\starwars.tests\bin\debug\net8.0\starwars.tests.dll" id="64f7d3dd-671d-48a9-6d77-2792e4f70722">
      <Execution id="22281aff-c25f-4407-9c0a-8c1f2a856fc0" />
      <TestMethod codeBase="F:\Coding\study\OOPnD\StarWars.Tests\bin\Debug\net8.0\StarWars.Tests.dll" adapterTypeName="executor://xunit/VsTestRunner2/netcoreapp" className="StarWars.Test.RotateCommandTests" name="TestCannotReadRotateVelocity" />
    </UnitTest>
    <UnitTest name="StarWars.Test.CustomVectorTests.CustomVectorGetHashCodeReturnsSameForIdenticalVectorsTest" storage="f:\coding\study\oopnd\starwars.tests\bin\debug\net8.0\starwars.tests.dll" id="ffb44b75-25d7-b1e5-b4e3-20d63554c219">
      <Execution id="5484b04a-f2f0-4049-adde-921367cfb061" />
      <TestMethod codeBase="F:\Coding\study\OOPnD\StarWars.Tests\bin\Debug\net8.0\StarWars.Tests.dll" adapterTypeName="executor://xunit/VsTestRunner2/netcoreapp" className="StarWars.Test.CustomVectorTests" name="CustomVectorGetHashCodeReturnsSameForIdenticalVectorsTest" />
    </UnitTest>
    <UnitTest name="StarWars.Test.DegreeCommandTests.CosGivesCorrectValue" storage="f:\coding\study\oopnd\starwars.tests\bin\debug\net8.0\starwars.tests.dll" id="d2264a18-97e5-2698-e4f2-b0aba558ec47">
      <Execution id="b6aa988e-8a64-4c47-81a4-b1e474295776" />
      <TestMethod codeBase="F:\Coding\study\OOPnD\StarWars.Tests\bin\Debug\net8.0\StarWars.Tests.dll" adapterTypeName="executor://xunit/VsTestRunner2/netcoreapp" className="StarWars.Test.DegreeCommandTests" name="CosGivesCorrectValue" />
    </UnitTest>
    <UnitTest name="StarWars.Test.CustomVectorTests.OperatorEquals_ShouldReturnFalseForDifferentVectors" storage="f:\coding\study\oopnd\starwars.tests\bin\debug\net8.0\starwars.tests.dll" id="893af1a0-d5d3-8faf-f670-826bba27e799">
      <Execution id="1afb0bd0-4e36-4094-9cb9-eec93b5ebef0" />
      <TestMethod codeBase="F:\Coding\study\OOPnD\StarWars.Tests\bin\Debug\net8.0\StarWars.Tests.dll" adapterTypeName="executor://xunit/VsTestRunner2/netcoreapp" className="StarWars.Test.CustomVectorTests" name="OperatorEquals_ShouldReturnFalseForDifferentVectors" />
    </UnitTest>
    <UnitTest name="StarWars.Test.DegreeCommandTests.Normalize_ShouldNotChange_WhenInRange" storage="f:\coding\study\oopnd\starwars.tests\bin\debug\net8.0\starwars.tests.dll" id="6dcf4267-d229-f782-dd2a-28acda58f4b6">
      <Execution id="287357a5-ecf4-4e6e-b6ea-7d732c5c97e4" />
      <TestMethod codeBase="F:\Coding\study\OOPnD\StarWars.Tests\bin\Debug\net8.0\StarWars.Tests.dll" adapterTypeName="executor://xunit/VsTestRunner2/netcoreapp" className="StarWars.Test.DegreeCommandTests" name="Normalize_ShouldNotChange_WhenInRange" />
    </UnitTest>
    <UnitTest name="StarWars.Test.CustomVectorTests.CustomVectorEqualsReturnsFalseForDifferentTypeTest" storage="f:\coding\study\oopnd\starwars.tests\bin\debug\net8.0\starwars.tests.dll" id="0c55cc78-8a29-81ab-1534-d45aa358c56b">
      <Execution id="589ae741-1dc2-4037-a520-2cc65d5ed0d4" />
      <TestMethod codeBase="F:\Coding\study\OOPnD\StarWars.Tests\bin\Debug\net8.0\StarWars.Tests.dll" adapterTypeName="executor://xunit/VsTestRunner2/netcoreapp" className="StarWars.Test.CustomVectorTests" name="CustomVectorEqualsReturnsFalseForDifferentTypeTest" />
    </UnitTest>
    <UnitTest name="StarWars.Test.DegreeCommandTests.FifteenEqualsTwentyThree" storage="f:\coding\study\oopnd\starwars.tests\bin\debug\net8.0\starwars.tests.dll" id="550e9eb4-e094-4967-f545-1eea23298d0b">
      <Execution id="2c4e0fe0-c771-414a-9ef3-d519b1dbaaef" />
      <TestMethod codeBase="F:\Coding\study\OOPnD\StarWars.Tests\bin\Debug\net8.0\StarWars.Tests.dll" adapterTypeName="executor://xunit/VsTestRunner2/netcoreapp" className="StarWars.Test.DegreeCommandTests" name="FifteenEqualsTwentyThree" />
    </UnitTest>
    <UnitTest name="StarWars.Test.DegreeCommandTests.Cos_ShouldReturnCorrectValue_For90Degrees" storage="f:\coding\study\oopnd\starwars.tests\bin\debug\net8.0\starwars.tests.dll" id="13264aa6-2a8c-9565-b52b-738854e0f66a">
      <Execution id="2e831491-fd35-4603-8d36-91752500177b" />
      <TestMethod codeBase="F:\Coding\study\OOPnD\StarWars.Tests\bin\Debug\net8.0\StarWars.Tests.dll" adapterTypeName="executor://xunit/VsTestRunner2/netcoreapp" className="StarWars.Test.DegreeCommandTests" name="Cos_ShouldReturnCorrectValue_For90Degrees" />
    </UnitTest>
    <UnitTest name="StarWars.Test.DegreeCommandTests.Equals_ShouldReturnFalse_WhenOtherType" storage="f:\coding\study\oopnd\starwars.tests\bin\debug\net8.0\starwars.tests.dll" id="779e501a-40a8-a064-9eca-8236935a1ede">
      <Execution id="3a24dbd7-5039-4e94-a743-cfbf6aa6d373" />
      <TestMethod codeBase="F:\Coding\study\OOPnD\StarWars.Tests\bin\Debug\net8.0\StarWars.Tests.dll" adapterTypeName="executor://xunit/VsTestRunner2/netcoreapp" className="StarWars.Test.DegreeCommandTests" name="Equals_ShouldReturnFalse_WhenOtherType" />
    </UnitTest>
    <UnitTest name="StarWars.Test.DegreeCommandTests.FivePlusSevenEqualsFour" storage="f:\coding\study\oopnd\starwars.tests\bin\debug\net8.0\starwars.tests.dll" id="da83f552-a85b-34e5-5d3a-0a286c957041">
      <Execution id="2a7ace5d-b210-4573-9d58-8b31714474c9" />
      <TestMethod codeBase="F:\Coding\study\OOPnD\StarWars.Tests\bin\Debug\net8.0\StarWars.Tests.dll" adapterTypeName="executor://xunit/VsTestRunner2/netcoreapp" className="StarWars.Test.DegreeCommandTests" name="FivePlusSevenEqualsFour" />
    </UnitTest>
    <UnitTest name="StarWars.Test.RotateCommandTests.TestCannotReadAngle" storage="f:\coding\study\oopnd\starwars.tests\bin\debug\net8.0\starwars.tests.dll" id="e7731891-1f60-70ba-dcae-c03fbea36cf5">
      <Execution id="b68757cf-e9e6-404e-b1a3-d12f422bad8d" />
      <TestMethod codeBase="F:\Coding\study\OOPnD\StarWars.Tests\bin\Debug\net8.0\StarWars.Tests.dll" adapterTypeName="executor://xunit/VsTestRunner2/netcoreapp" className="StarWars.Test.RotateCommandTests" name="TestCannotReadAngle" />
    </UnitTest>
    <UnitTest name="StarWars.Test.CustomVectorTests.CustomVectorEqualsReturnsFalseForDifferentVectorsTest" storage="f:\coding\study\oopnd\starwars.tests\bin\debug\net8.0\starwars.tests.dll" id="aa893fe1-33ee-fc78-8bca-94e1cf23cdb7">
      <Execution id="f81bd8df-72f7-4da6-8f05-eef9f2f8d384" />
      <TestMethod codeBase="F:\Coding\study\OOPnD\StarWars.Tests\bin\Debug\net8.0\StarWars.Tests.dll" adapterTypeName="executor://xunit/VsTestRunner2/netcoreapp" className="StarWars.Test.CustomVectorTests" name="CustomVectorEqualsReturnsFalseForDifferentVectorsTest" />
    </UnitTest>
    <UnitTest name="StarWars.Test.DegreeCommandTests.Normalize_ShouldWrapNumerator_WhenGreaterThanDenominator" storage="f:\coding\study\oopnd\starwars.tests\bin\debug\net8.0\starwars.tests.dll" id="6a938709-0298-bdb3-5e05-64171e14e873">
      <Execution id="615c6e63-2de8-4600-b543-cdccdcc98aa6" />
      <TestMethod codeBase="F:\Coding\study\OOPnD\StarWars.Tests\bin\Debug\net8.0\StarWars.Tests.dll" adapterTypeName="executor://xunit/VsTestRunner2/netcoreapp" className="StarWars.Test.DegreeCommandTests" name="Normalize_ShouldWrapNumerator_WhenGreaterThanDenominator" />
    </UnitTest>
    <UnitTest name="StarWars.Test.DegreeCommandTests.Sin_ShouldReturnCorrectValue_For270Degrees" storage="f:\coding\study\oopnd\starwars.tests\bin\debug\net8.0\starwars.tests.dll" id="79639394-4e19-9573-7df4-c5865f865e14">
      <Execution id="f828cc33-e886-4a9a-91ac-0a0e367c069e" />
      <TestMethod codeBase="F:\Coding\study\OOPnD\StarWars.Tests\bin\Debug\net8.0\StarWars.Tests.dll" adapterTypeName="executor://xunit/VsTestRunner2/netcoreapp" className="StarWars.Test.DegreeCommandTests" name="Sin_ShouldReturnCorrectValue_For270Degrees" />
    </UnitTest>
    <UnitTest name="StarWars.Test.DegreeCommandTests.Normalize_ShouldWrapNumerator_WhenNegative" storage="f:\coding\study\oopnd\starwars.tests\bin\debug\net8.0\starwars.tests.dll" id="846c10fa-cd62-8b0a-84ec-423c6bc2c9da">
      <Execution id="74dd9587-973d-4e0d-82e8-aaa103d1f803" />
      <TestMethod codeBase="F:\Coding\study\OOPnD\StarWars.Tests\bin\Debug\net8.0\StarWars.Tests.dll" adapterTypeName="executor://xunit/VsTestRunner2/netcoreapp" className="StarWars.Test.DegreeCommandTests" name="Normalize_ShouldWrapNumerator_WhenNegative" />
    </UnitTest>
  </TestDefinitions>
  <TestEntries>
    <TestEntry testId="f336340c-5538-a39b-ff20-70d11f457970" executionId="4c7a0b24-1299-4a00-af32-520d93b0b03a" testListId="8c84fa94-04c1-424b-9868-57a2d4851a1d" />
    <TestEntry testId="b92beb64-22d0-ada7-d00e-1c79d1574d63" executionId="4f7b3097-ea3f-4e81-99cf-3d05f14c387f" testListId="8c84fa94-04c1-424b-9868-57a2d4851a1d" />
    <TestEntry testId="0092940d-eb2b-fd49-be44-451e341cec58" executionId="67481dcc-c435-4812-af2d-416e444b1643" testListId="8c84fa94-04c1-424b-9868-57a2d4851a1d" />
    <TestEntry testId="404a6a86-a629-9e01-ac0a-915a70c42553" executionId="eee4386f-6a1b-4020-bef7-1965f95371ac" testListId="8c84fa94-04c1-424b-9868-57a2d4851a1d" />
    <TestEntry testId="550e9eb4-e094-4967-f545-1eea23298d0b" executionId="2c4e0fe0-c771-414a-9ef3-d519b1dbaaef" testListId="8c84fa94-04c1-424b-9868-57a2d4851a1d" />
    <TestEntry testId="846c10fa-cd62-8b0a-84ec-423c6bc2c9da" executionId="74dd9587-973d-4e0d-82e8-aaa103d1f803" testListId="8c84fa94-04c1-424b-9868-57a2d4851a1d" />
    <TestEntry testId="2476ae86-867b-56ad-b3e9-024bc350c0e6" executionId="6407ebac-df88-4a67-9e6e-a1b769f4a9ac" testListId="8c84fa94-04c1-424b-9868-57a2d4851a1d" />
    <TestEntry testId="ddd758ee-9833-c6bc-9f6b-c8e6c12a016f" executionId="d8ee280d-6d88-4173-9b23-bc0181986d46" testListId="8c84fa94-04c1-424b-9868-57a2d4851a1d" />
    <TestEntry testId="6c3ed095-5eb8-199b-737a-24513ec5fc6d" executionId="50b6ce5f-a190-491b-9207-d4647458224d" testListId="8c84fa94-04c1-424b-9868-57a2d4851a1d" />
    <TestEntry testId="3096ebd9-0f06-f14c-afa4-0c531d9c455f" executionId="1f5af01c-87dd-4237-9026-2be34e9ebbd4" testListId="8c84fa94-04c1-424b-9868-57a2d4851a1d" />
    <TestEntry testId="171a0d2d-89a8-eaf4-e7d6-80c63b340ab0" executionId="37c51368-3333-4409-a9ac-d26f5aa0f907" testListId="8c84fa94-04c1-424b-9868-57a2d4851a1d" />
    <TestEntry testId="8af4438a-10ad-2897-b27a-8b7ffdd2ff4e" executionId="52aedf9c-a5d4-4809-8a22-e60fce56dd5f" testListId="8c84fa94-04c1-424b-9868-57a2d4851a1d" />
    <TestEntry testId="13264aa6-2a8c-9565-b52b-738854e0f66a" executionId="2e831491-fd35-4603-8d36-91752500177b" testListId="8c84fa94-04c1-424b-9868-57a2d4851a1d" />
    <TestEntry testId="1dc0de66-902f-85f7-a5ea-86127747a317" executionId="0312c5aa-afae-4408-85b6-a4c937a11a4b" testListId="8c84fa94-04c1-424b-9868-57a2d4851a1d" />
    <TestEntry testId="ee817547-a9a1-8871-69d2-935e4817a509" executionId="8b318b94-1d66-4799-96fc-2276a1835069" testListId="8c84fa94-04c1-424b-9868-57a2d4851a1d" />
    <TestEntry testId="e7731891-1f60-70ba-dcae-c03fbea36cf5" executionId="b68757cf-e9e6-404e-b1a3-d12f422bad8d" testListId="8c84fa94-04c1-424b-9868-57a2d4851a1d" />
    <TestEntry testId="76a4bb4b-0384-238f-9612-550e9ddc2ba5" executionId="83f12fc6-59c2-4fc2-966c-a35fc8a51f7d" testListId="8c84fa94-04c1-424b-9868-57a2d4851a1d" />
    <TestEntry testId="2c8feb6e-5e81-84cb-84bc-2d3972b76325" executionId="e477989e-a582-4527-8475-f625ef9cbde4" testListId="8c84fa94-04c1-424b-9868-57a2d4851a1d" />
    <TestEntry testId="acfd38b8-7ce4-87c7-b27f-0eae9ab48a18" executionId="fb491bff-c3ec-4adb-86fd-0c60304c673a" testListId="8c84fa94-04c1-424b-9868-57a2d4851a1d" />
    <TestEntry testId="779e501a-40a8-a064-9eca-8236935a1ede" executionId="3a24dbd7-5039-4e94-a743-cfbf6aa6d373" testListId="8c84fa94-04c1-424b-9868-57a2d4851a1d" />
    <TestEntry testId="64f7d3dd-671d-48a9-6d77-2792e4f70722" executionId="22281aff-c25f-4407-9c0a-8c1f2a856fc0" testListId="8c84fa94-04c1-424b-9868-57a2d4851a1d" />
    <TestEntry testId="2e995f4b-c04b-a51f-f0e5-021e6c7394c3" executionId="db675dd0-d70e-4f08-acf1-f6de9b020463" testListId="8c84fa94-04c1-424b-9868-57a2d4851a1d" />
    <TestEntry testId="6a938709-0298-bdb3-5e05-64171e14e873" executionId="615c6e63-2de8-4600-b543-cdccdcc98aa6" testListId="8c84fa94-04c1-424b-9868-57a2d4851a1d" />
    <TestEntry testId="1d578168-bb70-322d-00ef-77f6ec779ebc" executionId="82cf0d94-f854-4ef2-8b8c-17a6a4af3afd" testListId="8c84fa94-04c1-424b-9868-57a2d4851a1d" />
    <TestEntry testId="6d2cf517-eb77-12f2-b92f-1f38d13518ab" executionId="007602e2-d40a-4bdc-b124-f19ede7d92fd" testListId="8c84fa94-04c1-424b-9868-57a2d4851a1d" />
    <TestEntry testId="dabd223b-f7d9-2eb5-2271-d614f797e07d" executionId="f16d07f6-f736-43c8-9e24-7ee6ab0de373" testListId="8c84fa94-04c1-424b-9868-57a2d4851a1d" />
    <TestEntry testId="a9da1bb8-2fd9-617d-00e0-496d12cfbbc2" executionId="344d5aa7-1f61-4d07-919c-d6d234fc78be" testListId="8c84fa94-04c1-424b-9868-57a2d4851a1d" />
    <TestEntry testId="de2643d5-9cf4-3af6-25e9-beba112a557b" executionId="2d0a9be8-961b-4929-88b0-912459a6e540" testListId="8c84fa94-04c1-424b-9868-57a2d4851a1d" />
    <TestEntry testId="d2264a18-97e5-2698-e4f2-b0aba558ec47" executionId="b6aa988e-8a64-4c47-81a4-b1e474295776" testListId="8c84fa94-04c1-424b-9868-57a2d4851a1d" />
    <TestEntry testId="ebc2f18c-8001-8e8b-da87-8b1152f298b4" executionId="1a4329c6-b8f6-4849-bd76-6fdb3b6bc901" testListId="8c84fa94-04c1-424b-9868-57a2d4851a1d" />
    <TestEntry testId="79639394-4e19-9573-7df4-c5865f865e14" executionId="f828cc33-e886-4a9a-91ac-0a0e367c069e" testListId="8c84fa94-04c1-424b-9868-57a2d4851a1d" />
    <TestEntry testId="d2022b69-a585-6ff5-4a60-375124af919e" executionId="9a5344d8-5244-40de-a09f-2944a127ffaa" testListId="8c84fa94-04c1-424b-9868-57a2d4851a1d" />
    <TestEntry testId="16943db8-a99f-c497-1927-f242de47f4d2" executionId="5cee4840-7d4a-4081-8691-d5824d65ad58" testListId="8c84fa94-04c1-424b-9868-57a2d4851a1d" />
    <TestEntry testId="0c55cc78-8a29-81ab-1534-d45aa358c56b" executionId="589ae741-1dc2-4037-a520-2cc65d5ed0d4" testListId="8c84fa94-04c1-424b-9868-57a2d4851a1d" />
    <TestEntry testId="43dbe714-6d84-106b-a374-e5d0e9f9f661" executionId="adac8e20-ee20-400e-b428-a9b51cd2f5b0" testListId="8c84fa94-04c1-424b-9868-57a2d4851a1d" />
    <TestEntry testId="893af1a0-d5d3-8faf-f670-826bba27e799" executionId="1afb0bd0-4e36-4094-9cb9-eec93b5ebef0" testListId="8c84fa94-04c1-424b-9868-57a2d4851a1d" />
    <TestEntry testId="11e1c685-9bdd-88db-2ca9-3cb0392c9392" executionId="f7d2fb91-70bb-464b-a62f-db80b3ccacce" testListId="8c84fa94-04c1-424b-9868-57a2d4851a1d" />
    <TestEntry testId="aa893fe1-33ee-fc78-8bca-94e1cf23cdb7" executionId="f81bd8df-72f7-4da6-8f05-eef9f2f8d384" testListId="8c84fa94-04c1-424b-9868-57a2d4851a1d" />
    <TestEntry testId="6dcf4267-d229-f782-dd2a-28acda58f4b6" executionId="287357a5-ecf4-4e6e-b6ea-7d732c5c97e4" testListId="8c84fa94-04c1-424b-9868-57a2d4851a1d" />
    <TestEntry testId="da83f552-a85b-34e5-5d3a-0a286c957041" executionId="2a7ace5d-b210-4573-9d58-8b31714474c9" testListId="8c84fa94-04c1-424b-9868-57a2d4851a1d" />
    <TestEntry testId="86059e1b-86ce-b46b-c535-ab190a984815" executionId="e08a553b-615c-495e-b31d-3d2151b112c4" testListId="8c84fa94-04c1-424b-9868-57a2d4851a1d" />
    <TestEntry testId="3db7631c-7160-86ff-cc51-cd50965435e3" executionId="1576abec-9981-4a91-a79c-7c4f04fe67f5" testListId="8c84fa94-04c1-424b-9868-57a2d4851a1d" />
    <TestEntry testId="c80997a1-11dd-5939-26c6-9df86c84da61" executionId="7b6c6a1e-83cf-4019-939d-35eef76db2a0" testListId="8c84fa94-04c1-424b-9868-57a2d4851a1d" />
    <TestEntry testId="ffb44b75-25d7-b1e5-b4e3-20d63554c219" executionId="5484b04a-f2f0-4049-adde-921367cfb061" testListId="8c84fa94-04c1-424b-9868-57a2d4851a1d" />
    <TestEntry testId="330e4737-df4e-d90f-ecb3-588aa8e905f5" executionId="c7a4abdf-e6f6-4e0c-8f84-c4f22beb61bb" testListId="8c84fa94-04c1-424b-9868-57a2d4851a1d" />
    <TestEntry testId="cfb378b0-daa5-c153-6ba8-e8e1080f66b8" executionId="4b435c34-10a5-4cd9-ac9b-4192b3e64d52" testListId="8c84fa94-04c1-424b-9868-57a2d4851a1d" />
    <TestEntry testId="a07094ab-b9ef-5704-fd03-eb9cdecf3c1a" executionId="b9c433c2-99b0-4191-b519-09b8213fd923" testListId="8c84fa94-04c1-424b-9868-57a2d4851a1d" />
  </TestEntries>
  <TestLists>
    <TestList name="Список результатов" id="8c84fa94-04c1-424b-9868-57a2d4851a1d" />
    <TestList name="Все загруженные результаты" id="19431567-8539-422a-85d7-44ee4e166bda" />
  </TestLists>
  <ResultSummary outcome="Completed">
    <Counters total="47" executed="47" passed="47" failed="0" error="0" timeout="0" aborted="0" inconclusive="0" passedButRunAborted="0" notRunnable="0" notExecuted="0" disconnected="0" warning="0" completed="0" inProgress="0" pending="0" />
    <Output>
      <StdOut>[xUnit.net 00:00:00.00] xUnit.net VSTest Adapter v2.5.3.1+6b60a9e56a (64-bit .NET 8.0.10)&#xD;
[xUnit.net 00:00:00.07]   Discovering: StarWars.Tests&#xD;
[xUnit.net 00:00:00.10]   Discovered:  StarWars.Tests&#xD;
[xUnit.net 00:00:00.10]   Starting:    StarWars.Tests&#xD;
[xUnit.net 00:00:00.21]   Finished:    StarWars.Tests&#xD;
</StdOut>
    </Output>
    <CollectorDataEntries>
      <Collector agentName="TERRACODE" uri="datacollector://microsoft/CoverletCodeCoverage/1.0" collectorDisplayName="XPlat code coverage">
        <UriAttachments>
          <UriAttachment>
            <A href="TERRACODE\coverage.cobertura.xml"></A>
          </UriAttachment>
        </UriAttachments>
      </Collector>
    </CollectorDataEntries>
  </ResultSummary>
</TestRun>