<?xml version="1.0" encoding="utf-8"?>
<TestRun id="c4926718-9ace-4df7-9970-d91a53f8a043" name="nikit@TERRACODE 2024-12-17 19:51:55" runUser="TERRACODE\nikit" xmlns="http://microsoft.com/schemas/VisualStudio/TeamTest/2010">
  <Times creation="2024-12-17T19:51:55.5464208+06:00" queuing="2024-12-17T19:51:55.5464212+06:00" start="2024-12-17T19:51:54.4467026+06:00" finish="2024-12-17T19:51:55.8068803+06:00" />
  <TestSettings name="default" id="dcacf2a6-7f14-4a01-9ccd-d5054412ddac">
    <Deployment runDeploymentRoot="nikit_TERRACODE_2024-12-17_19_51_55" />
  </TestSettings>
  <Results>
    <UnitTestResult executionId="2e4fb4fa-6aed-49e3-96b9-bf8981e0aeff" testId="3db7631c-7160-86ff-cc51-cd50965435e3" testName="StarWars.Test.CustomVectorTests.CustomVecorIsInitializableTest" computerName="TERRACODE" duration="00:00:00.0011264" startTime="2024-12-17T19:51:55.4932479+06:00" endTime="2024-12-17T19:51:55.4932479+06:00" testType="13cdc9d9-ddb5-4fa4-a97d-d965ccfc6d4b" outcome="Passed" testListId="8c84fa94-04c1-424b-9868-57a2d4851a1d" relativeResultsDirectory="2e4fb4fa-6aed-49e3-96b9-bf8981e0aeff" />
    <UnitTestResult executionId="bb65c3a7-f103-4a6b-a49a-bcb3b339a3db" testId="893af1a0-d5d3-8faf-f670-826bba27e799" testName="StarWars.Test.CustomVectorTests.OperatorEquals_ShouldReturnFalseForDifferentVectors" computerName="TERRACODE" duration="00:00:00.0002179" startTime="2024-12-17T19:51:55.5174370+06:00" endTime="2024-12-17T19:51:55.5174371+06:00" testType="13cdc9d9-ddb5-4fa4-a97d-d965ccfc6d4b" outcome="Passed" testListId="8c84fa94-04c1-424b-9868-57a2d4851a1d" relativeResultsDirectory="bb65c3a7-f103-4a6b-a49a-bcb3b339a3db" />
    <UnitTestResult executionId="0f2adc66-59ae-4824-901e-710a18681bb2" testId="de2643d5-9cf4-3af6-25e9-beba112a557b" testName="StarWars.Test.CustomVectorTests.CustomVectorOperatorPlusThrowsForDifferentLengthsTest" computerName="TERRACODE" duration="00:00:00.0047571" startTime="2024-12-17T19:51:55.5172141+06:00" endTime="2024-12-17T19:51:55.5172142+06:00" testType="13cdc9d9-ddb5-4fa4-a97d-d965ccfc6d4b" outcome="Passed" testListId="8c84fa94-04c1-424b-9868-57a2d4851a1d" relativeResultsDirectory="0f2adc66-59ae-4824-901e-710a18681bb2" />
    <UnitTestResult executionId="8c9bbeda-c224-4f8f-a952-173337ff672d" testId="76a4bb4b-0384-238f-9612-550e9ddc2ba5" testName="StarWars.Test.DegreeCommandTests.NegativeAngle_ShouldNormalizeToPositive" computerName="TERRACODE" duration="00:00:00.0052521" startTime="2024-12-17T19:51:55.5179753+06:00" endTime="2024-12-17T19:51:55.5179754+06:00" testType="13cdc9d9-ddb5-4fa4-a97d-d965ccfc6d4b" outcome="Passed" testListId="8c84fa94-04c1-424b-9868-57a2d4851a1d" relativeResultsDirectory="8c9bbeda-c224-4f8f-a952-173337ff672d" />
    <UnitTestResult executionId="e77cc443-8477-446b-8a9e-a8d393e7fbbe" testId="f336340c-5538-a39b-ff20-70d11f457970" testName="StarWars.Test.CustomVectorTests.CustomVectorOperatorNotEqualsReturnsTrueForDifferentVectorsTest" computerName="TERRACODE" duration="00:00:00.0001294" startTime="2024-12-17T19:51:55.5230055+06:00" endTime="2024-12-17T19:51:55.5230055+06:00" testType="13cdc9d9-ddb5-4fa4-a97d-d965ccfc6d4b" outcome="Passed" testListId="8c84fa94-04c1-424b-9868-57a2d4851a1d" relativeResultsDirectory="e77cc443-8477-446b-8a9e-a8d393e7fbbe" />
    <UnitTestResult executionId="2d847201-720d-40dc-97ed-7e9fddddcd37" testId="b92beb64-22d0-ada7-d00e-1c79d1574d63" testName="StarWars.Test.DegreeCommandTests.FifteenSymbolEqualsTwentyThree" computerName="TERRACODE" duration="00:00:00.0000697" startTime="2024-12-17T19:51:55.5169890+06:00" endTime="2024-12-17T19:51:55.5169891+06:00" testType="13cdc9d9-ddb5-4fa4-a97d-d965ccfc6d4b" outcome="Passed" testListId="8c84fa94-04c1-424b-9868-57a2d4851a1d" relativeResultsDirectory="2d847201-720d-40dc-97ed-7e9fddddcd37" />
    <UnitTestResult executionId="b736cd64-2c9f-4246-9a6d-29f4a6b57314" testId="e7731891-1f60-70ba-dcae-c03fbea36cf5" testName="StarWars.Test.RotateCommandTests.TestCannotReadAngle" computerName="TERRACODE" duration="00:00:00.0005727" startTime="2024-12-17T19:51:55.5486329+06:00" endTime="2024-12-17T19:51:55.5486329+06:00" testType="13cdc9d9-ddb5-4fa4-a97d-d965ccfc6d4b" outcome="Passed" testListId="8c84fa94-04c1-424b-9868-57a2d4851a1d" relativeResultsDirectory="b736cd64-2c9f-4246-9a6d-29f4a6b57314" />
    <UnitTestResult executionId="e4fac0ab-9a7c-4ba4-af09-f410a698d763" testId="203cf6ad-0cb4-e9b2-d0ea-04e7b4c22672" testName="StarWars.Test.DegreeCommandTests.NumeratorShouldNormalizeNegative" computerName="TERRACODE" duration="00:00:00.0000679" startTime="2024-12-17T19:51:55.5205960+06:00" endTime="2024-12-17T19:51:55.5205961+06:00" testType="13cdc9d9-ddb5-4fa4-a97d-d965ccfc6d4b" outcome="Passed" testListId="8c84fa94-04c1-424b-9868-57a2d4851a1d" relativeResultsDirectory="e4fac0ab-9a7c-4ba4-af09-f410a698d763" />
    <UnitTestResult executionId="d31a2f6e-1c41-4347-b5f1-a7cdc0c61d0f" testId="d2264a18-97e5-2698-e4f2-b0aba558ec47" testName="StarWars.Test.DegreeCommandTests.CosGivesCorrectValue" computerName="TERRACODE" duration="00:00:00.0001253" startTime="2024-12-17T19:51:55.5219658+06:00" endTime="2024-12-17T19:51:55.5219659+06:00" testType="13cdc9d9-ddb5-4fa4-a97d-d965ccfc6d4b" outcome="Passed" testListId="8c84fa94-04c1-424b-9868-57a2d4851a1d" relativeResultsDirectory="d31a2f6e-1c41-4347-b5f1-a7cdc0c61d0f" />
    <UnitTestResult executionId="eb79a7ba-c2be-4fc1-9a39-8798e6a25673" testId="e9fcf1e7-e0a5-fb67-bad8-5d2a227da781" testName="StarWars.Test.DegreeCommandTests.NumeratorShouldUpdateValue" computerName="TERRACODE" duration="00:00:00.0000567" startTime="2024-12-17T19:51:55.5208258+06:00" endTime="2024-12-17T19:51:55.5208259+06:00" testType="13cdc9d9-ddb5-4fa4-a97d-d965ccfc6d4b" outcome="Passed" testListId="8c84fa94-04c1-424b-9868-57a2d4851a1d" relativeResultsDirectory="eb79a7ba-c2be-4fc1-9a39-8798e6a25673" />
    <UnitTestResult executionId="e378f616-29a1-499b-af08-a991d5736533" testId="ffb44b75-25d7-b1e5-b4e3-20d63554c219" testName="StarWars.Test.CustomVectorTests.CustomVectorGetHashCodeReturnsSameForIdenticalVectorsTest" computerName="TERRACODE" duration="00:00:00.0004384" startTime="2024-12-17T19:51:55.5223087+06:00" endTime="2024-12-17T19:51:55.5223087+06:00" testType="13cdc9d9-ddb5-4fa4-a97d-d965ccfc6d4b" outcome="Passed" testListId="8c84fa94-04c1-424b-9868-57a2d4851a1d" relativeResultsDirectory="e378f616-29a1-499b-af08-a991d5736533" />
    <UnitTestResult executionId="75657d1d-228d-4627-b4de-7efd1bdcf3b0" testId="ee817547-a9a1-8871-69d2-935e4817a509" testName="StarWars.Test.MoveCommandTests.MoveCommandPositionIsNotReadableTest" computerName="TERRACODE" duration="00:00:00.0004338" startTime="2024-12-17T19:51:55.5484898+06:00" endTime="2024-12-17T19:51:55.5484900+06:00" testType="13cdc9d9-ddb5-4fa4-a97d-d965ccfc6d4b" outcome="Passed" testListId="8c84fa94-04c1-424b-9868-57a2d4851a1d" relativeResultsDirectory="75657d1d-228d-4627-b4de-7efd1bdcf3b0" />
    <UnitTestResult executionId="60ebc1ba-cf98-4812-9ea4-771e820ebb1c" testId="0092940d-eb2b-fd49-be44-451e341cec58" testName="StarWars.Test.DegreeCommandTests.OneNotSymbolEqualsTwo" computerName="TERRACODE" duration="00:00:00.0006143" startTime="2024-12-17T19:51:55.4927823+06:00" endTime="2024-12-17T19:51:55.4927824+06:00" testType="13cdc9d9-ddb5-4fa4-a97d-d965ccfc6d4b" outcome="Passed" testListId="8c84fa94-04c1-424b-9868-57a2d4851a1d" relativeResultsDirectory="60ebc1ba-cf98-4812-9ea4-771e820ebb1c" />
    <UnitTestResult executionId="1f2aacb7-f17b-4d4c-ab05-35837b2416ad" testId="dabd223b-f7d9-2eb5-2271-d614f797e07d" testName="StarWars.Test.DegreeCommandTests.AngleNotEqualsNull" computerName="TERRACODE" duration="00:00:00.0000724" startTime="2024-12-17T19:51:55.5199186+06:00" endTime="2024-12-17T19:51:55.5199187+06:00" testType="13cdc9d9-ddb5-4fa4-a97d-d965ccfc6d4b" outcome="Passed" testListId="8c84fa94-04c1-424b-9868-57a2d4851a1d" relativeResultsDirectory="1f2aacb7-f17b-4d4c-ab05-35837b2416ad" />
    <UnitTestResult executionId="81c52fdb-4a8d-4133-b670-1a5e68774297" testId="20a9e2a6-a2a5-c19e-5bcb-d52abcd8a3d7" testName="StarWars.Test.DegreeCommandTests.NumeratorShouldNotChange" computerName="TERRACODE" duration="00:00:00.0144939" startTime="2024-12-17T19:51:55.4911601+06:00" endTime="2024-12-17T19:51:55.4911605+06:00" testType="13cdc9d9-ddb5-4fa4-a97d-d965ccfc6d4b" outcome="Passed" testListId="8c84fa94-04c1-424b-9868-57a2d4851a1d" relativeResultsDirectory="81c52fdb-4a8d-4133-b670-1a5e68774297" />
    <UnitTestResult executionId="d0e36da2-377e-43e4-97b4-774c17be5049" testId="acfd38b8-7ce4-87c7-b27f-0eae9ab48a18" testName="StarWars.Test.DegreeCommandTests.Addition_ShouldNormalizeResult" computerName="TERRACODE" duration="00:00:00.0000797" startTime="2024-12-17T19:51:55.5164128+06:00" endTime="2024-12-17T19:51:55.5164129+06:00" testType="13cdc9d9-ddb5-4fa4-a97d-d965ccfc6d4b" outcome="Passed" testListId="8c84fa94-04c1-424b-9868-57a2d4851a1d" relativeResultsDirectory="d0e36da2-377e-43e4-97b4-774c17be5049" />
    <UnitTestResult executionId="7cbdf385-56e3-437b-9a46-059449bf3f1e" testId="aa893fe1-33ee-fc78-8bca-94e1cf23cdb7" testName="StarWars.Test.CustomVectorTests.CustomVectorEqualsReturnsFalseForDifferentVectorsTest" computerName="TERRACODE" duration="00:00:00.0000989" startTime="2024-12-17T19:51:55.5227711+06:00" endTime="2024-12-17T19:51:55.5227712+06:00" testType="13cdc9d9-ddb5-4fa4-a97d-d965ccfc6d4b" outcome="Passed" testListId="8c84fa94-04c1-424b-9868-57a2d4851a1d" relativeResultsDirectory="7cbdf385-56e3-437b-9a46-059449bf3f1e" />
    <UnitTestResult executionId="2cbdcaf0-95c2-498c-8d0e-fbd9d0e0406f" testId="86059e1b-86ce-b46b-c535-ab190a984815" testName="StarWars.Test.DegreeCommandTests.SinGivesCorrectValue" computerName="TERRACODE" duration="00:00:00.0003428" startTime="2024-12-17T19:51:55.5167561+06:00" endTime="2024-12-17T19:51:55.5167562+06:00" testType="13cdc9d9-ddb5-4fa4-a97d-d965ccfc6d4b" outcome="Passed" testListId="8c84fa94-04c1-424b-9868-57a2d4851a1d" relativeResultsDirectory="2cbdcaf0-95c2-498c-8d0e-fbd9d0e0406f" />
    <UnitTestResult executionId="1c684651-8fec-4679-a3a7-f5d10bb49411" testId="11e1c685-9bdd-88db-2ca9-3cb0392c9392" testName="StarWars.Test.RotateCommandTests.Test45plus90" computerName="TERRACODE" duration="00:00:00.0029682" startTime="2024-12-17T19:51:55.5479450+06:00" endTime="2024-12-17T19:51:55.5479451+06:00" testType="13cdc9d9-ddb5-4fa4-a97d-d965ccfc6d4b" outcome="Passed" testListId="8c84fa94-04c1-424b-9868-57a2d4851a1d" relativeResultsDirectory="1c684651-8fec-4679-a3a7-f5d10bb49411" />
    <UnitTestResult executionId="662adfcc-39af-4034-87bd-5b1e1a33d390" testId="16943db8-a99f-c497-1927-f242de47f4d2" testName="StarWars.Test.DegreeCommandTests.OneNotEqualsTwo" computerName="TERRACODE" duration="00:00:00.0000575" startTime="2024-12-17T19:51:55.5212537+06:00" endTime="2024-12-17T19:51:55.5212537+06:00" testType="13cdc9d9-ddb5-4fa4-a97d-d965ccfc6d4b" outcome="Passed" testListId="8c84fa94-04c1-424b-9868-57a2d4851a1d" relativeResultsDirectory="662adfcc-39af-4034-87bd-5b1e1a33d390" />
    <UnitTestResult executionId="75503a75-8f2f-4d41-9a2a-8ec79082eda1" testId="404a6a86-a629-9e01-ac0a-915a70c42553" testName="StarWars.Test.DegreeCommandTests.AngleHasHashCode" computerName="TERRACODE" duration="00:00:00.0001418" startTime="2024-12-17T19:51:55.5201575+06:00" endTime="2024-12-17T19:51:55.5201576+06:00" testType="13cdc9d9-ddb5-4fa4-a97d-d965ccfc6d4b" outcome="Passed" testListId="8c84fa94-04c1-424b-9868-57a2d4851a1d" relativeResultsDirectory="75503a75-8f2f-4d41-9a2a-8ec79082eda1" />
    <UnitTestResult executionId="3b486bf3-ecc7-414d-86ac-da68de81d68c" testId="cfb378b0-daa5-c153-6ba8-e8e1080f66b8" testName="StarWars.Test.RotateCommandTests.TestCannotSetAngle" computerName="TERRACODE" duration="00:00:00.0086163" startTime="2024-12-17T19:51:55.5449305+06:00" endTime="2024-12-17T19:51:55.5449308+06:00" testType="13cdc9d9-ddb5-4fa4-a97d-d965ccfc6d4b" outcome="Passed" testListId="8c84fa94-04c1-424b-9868-57a2d4851a1d" relativeResultsDirectory="3b486bf3-ecc7-414d-86ac-da68de81d68c" />
    <UnitTestResult executionId="e277383f-2a39-4d91-a365-9f415b54adb8" testId="a9da1bb8-2fd9-617d-00e0-496d12cfbbc2" testName="StarWars.Test.CustomVectorTests.CustomVectorEqualsReturnsTrueForIdenticalVectorsTest" computerName="TERRACODE" duration="00:00:00.0000867" startTime="2024-12-17T19:51:55.5220818+06:00" endTime="2024-12-17T19:51:55.5220818+06:00" testType="13cdc9d9-ddb5-4fa4-a97d-d965ccfc6d4b" outcome="Passed" testListId="8c84fa94-04c1-424b-9868-57a2d4851a1d" relativeResultsDirectory="e277383f-2a39-4d91-a365-9f415b54adb8" />
    <UnitTestResult executionId="0f2f5315-1d43-4294-90bb-5de572ca04b1" testId="ddd758ee-9833-c6bc-9f6b-c8e6c12a016f" testName="StarWars.Test.DegreeCommandTests.AngleNotEqualsNotAngle" computerName="TERRACODE" duration="00:00:00.0004195" startTime="2024-12-17T19:51:55.5182343+06:00" endTime="2024-12-17T19:51:55.5182344+06:00" testType="13cdc9d9-ddb5-4fa4-a97d-d965ccfc6d4b" outcome="Passed" testListId="8c84fa94-04c1-424b-9868-57a2d4851a1d" relativeResultsDirectory="0f2f5315-1d43-4294-90bb-5de572ca04b1" />
    <UnitTestResult executionId="40330927-492e-4063-9c5e-830ad092c175" testId="da83f552-a85b-34e5-5d3a-0a286c957041" testName="StarWars.Test.DegreeCommandTests.FivePlusSevenEqualsFour" computerName="TERRACODE" duration="00:00:00.0001758" startTime="2024-12-17T19:51:55.4930200+06:00" endTime="2024-12-17T19:51:55.4930200+06:00" testType="13cdc9d9-ddb5-4fa4-a97d-d965ccfc6d4b" outcome="Passed" testListId="8c84fa94-04c1-424b-9868-57a2d4851a1d" relativeResultsDirectory="40330927-492e-4063-9c5e-830ad092c175" />
    <UnitTestResult executionId="04e948ee-9586-4f45-8868-366678882d10" testId="2476ae86-867b-56ad-b3e9-024bc350c0e6" testName="StarWars.Test.MoveCommandTests.MoveCommandPositionUpdateTest" computerName="TERRACODE" duration="00:00:00.0821827" startTime="2024-12-17T19:51:55.5459686+06:00" endTime="2024-12-17T19:51:55.5459693+06:00" testType="13cdc9d9-ddb5-4fa4-a97d-d965ccfc6d4b" outcome="Passed" testListId="8c84fa94-04c1-424b-9868-57a2d4851a1d" relativeResultsDirectory="04e948ee-9586-4f45-8868-366678882d10" />
    <UnitTestResult executionId="2ceb64cb-5677-430f-a977-abf9b60df320" testId="171a0d2d-89a8-eaf4-e7d6-80c63b340ab0" testName="StarWars.Test.CustomVectorTests.CustomVectorOperatorEqualsReturnsTrueForSameReferenceTest" computerName="TERRACODE" duration="00:00:00.0141697" startTime="2024-12-17T19:51:55.4794313+06:00" endTime="2024-12-17T19:51:55.4794522+06:00" testType="13cdc9d9-ddb5-4fa4-a97d-d965ccfc6d4b" outcome="Passed" testListId="8c84fa94-04c1-424b-9868-57a2d4851a1d" relativeResultsDirectory="2ceb64cb-5677-430f-a977-abf9b60df320" />
    <UnitTestResult executionId="549f390a-bbd1-4edf-9207-1691d8ec125d" testId="6d2cf517-eb77-12f2-b92f-1f38d13518ab" testName="StarWars.Test.CustomVectorTests.CustomVectorOperatorPlusAddsVectorsCorrectlyTest" computerName="TERRACODE" duration="00:00:00.0016255" startTime="2024-12-17T19:51:55.5209324+06:00" endTime="2024-12-17T19:51:55.5209324+06:00" testType="13cdc9d9-ddb5-4fa4-a97d-d965ccfc6d4b" outcome="Passed" testListId="8c84fa94-04c1-424b-9868-57a2d4851a1d" relativeResultsDirectory="549f390a-bbd1-4edf-9207-1691d8ec125d" />
    <UnitTestResult executionId="14f14948-b635-45d1-a9e2-923fcc208bc9" testId="8af4438a-10ad-2897-b27a-8b7ffdd2ff4e" testName="StarWars.Test.MoveCommandTests.MoveCommandPositionIsNotWritableTest" computerName="TERRACODE" duration="00:00:00.0009109" startTime="2024-12-17T19:51:55.5481946+06:00" endTime="2024-12-17T19:51:55.5481947+06:00" testType="13cdc9d9-ddb5-4fa4-a97d-d965ccfc6d4b" outcome="Passed" testListId="8c84fa94-04c1-424b-9868-57a2d4851a1d" relativeResultsDirectory="14f14948-b635-45d1-a9e2-923fcc208bc9" />
    <UnitTestResult executionId="04c95b8b-7066-433d-8b95-fee9eea737cf" testId="64f7d3dd-671d-48a9-6d77-2792e4f70722" testName="StarWars.Test.RotateCommandTests.TestCannotReadRotateVelocity" computerName="TERRACODE" duration="00:00:00.0724810" startTime="2024-12-17T19:51:55.5362534+06:00" endTime="2024-12-17T19:51:55.5362537+06:00" testType="13cdc9d9-ddb5-4fa4-a97d-d965ccfc6d4b" outcome="Passed" testListId="8c84fa94-04c1-424b-9868-57a2d4851a1d" relativeResultsDirectory="04c95b8b-7066-433d-8b95-fee9eea737cf" />
    <UnitTestResult executionId="59252a7f-8862-4405-afbb-f9fb6368801b" testId="0c55cc78-8a29-81ab-1534-d45aa358c56b" testName="StarWars.Test.CustomVectorTests.CustomVectorEqualsReturnsFalseForDifferentTypeTest" computerName="TERRACODE" duration="00:00:00.0001927" startTime="2024-12-17T19:51:55.5176626+06:00" endTime="2024-12-17T19:51:55.5176626+06:00" testType="13cdc9d9-ddb5-4fa4-a97d-d965ccfc6d4b" outcome="Passed" testListId="8c84fa94-04c1-424b-9868-57a2d4851a1d" relativeResultsDirectory="59252a7f-8862-4405-afbb-f9fb6368801b" />
    <UnitTestResult executionId="ac4936da-cbc7-4e29-80fb-4ad5250d17fc" testId="43dbe714-6d84-106b-a374-e5d0e9f9f661" testName="StarWars.Test.CustomVectorTests.CustomVectorGetHashCodeReturnsDifferentForDifferentVectorsTest" computerName="TERRACODE" duration="00:00:00.0009479" startTime="2024-12-17T19:51:55.5225448+06:00" endTime="2024-12-17T19:51:55.5225448+06:00" testType="13cdc9d9-ddb5-4fa4-a97d-d965ccfc6d4b" outcome="Passed" testListId="8c84fa94-04c1-424b-9868-57a2d4851a1d" relativeResultsDirectory="ac4936da-cbc7-4e29-80fb-4ad5250d17fc" />
    <UnitTestResult executionId="47ba957e-d7fd-4a8e-9db7-3343503219d8" testId="e7b6bd48-a91a-aaba-d549-c24fbbded57b" testName="StarWars.Test.DegreeCommandTests.NumeratorShouldNormalize" computerName="TERRACODE" duration="00:00:00.0000954" startTime="2024-12-17T19:51:55.4925476+06:00" endTime="2024-12-17T19:51:55.4925477+06:00" testType="13cdc9d9-ddb5-4fa4-a97d-d965ccfc6d4b" outcome="Passed" testListId="8c84fa94-04c1-424b-9868-57a2d4851a1d" relativeResultsDirectory="47ba957e-d7fd-4a8e-9db7-3343503219d8" />
    <UnitTestResult executionId="78e79369-8cf8-4fd3-9a5f-3b1128e9f126" testId="550e9eb4-e094-4967-f545-1eea23298d0b" testName="StarWars.Test.DegreeCommandTests.FifteenEqualsTwentyThree" computerName="TERRACODE" duration="00:00:00.0000637" startTime="2024-12-17T19:51:55.5203779+06:00" endTime="2024-12-17T19:51:55.5203780+06:00" testType="13cdc9d9-ddb5-4fa4-a97d-d965ccfc6d4b" outcome="Passed" testListId="8c84fa94-04c1-424b-9868-57a2d4851a1d" relativeResultsDirectory="78e79369-8cf8-4fd3-9a5f-3b1128e9f126" />
    <UnitTestResult executionId="8f99f3f1-6fa8-495e-b7fc-b79a5d6afc62" testId="2e995f4b-c04b-a51f-f0e5-021e6c7394c3" testName="StarWars.Test.MoveCommandTests.MoveCommandVelocityIsNotReadableTest" computerName="TERRACODE" duration="00:00:00.0010348" startTime="2024-12-17T19:51:55.5470614+06:00" endTime="2024-12-17T19:51:55.5470616+06:00" testType="13cdc9d9-ddb5-4fa4-a97d-d965ccfc6d4b" outcome="Passed" testListId="8c84fa94-04c1-424b-9868-57a2d4851a1d" relativeResultsDirectory="8f99f3f1-6fa8-495e-b7fc-b79a5d6afc62" />
    <UnitTestResult executionId="2e88698d-955d-4ef1-9f31-d03fbd8db85f" testId="330e4737-df4e-d90f-ecb3-588aa8e905f5" testName="StarWars.Test.CustomVectorTests.CustomVectorEqualsReturnsFalseForNullTest" computerName="TERRACODE" duration="00:00:00.0000921" startTime="2024-12-17T19:51:55.5214721+06:00" endTime="2024-12-17T19:51:55.5214722+06:00" testType="13cdc9d9-ddb5-4fa4-a97d-d965ccfc6d4b" outcome="Passed" testListId="8c84fa94-04c1-424b-9868-57a2d4851a1d" relativeResultsDirectory="2e88698d-955d-4ef1-9f31-d03fbd8db85f" />
  </Results>
  <TestDefinitions>
    <UnitTest name="StarWars.Test.DegreeCommandTests.Addition_ShouldNormalizeResult" storage="f:\coding\study\oopnd\starwars.tests\bin\debug\net8.0\starwars.tests.dll" id="acfd38b8-7ce4-87c7-b27f-0eae9ab48a18">
      <Execution id="d0e36da2-377e-43e4-97b4-774c17be5049" />
      <TestMethod codeBase="F:\Coding\study\OOPnD\StarWars.Tests\bin\Debug\net8.0\StarWars.Tests.dll" adapterTypeName="executor://xunit/VsTestRunner2/netcoreapp" className="StarWars.Test.DegreeCommandTests" name="Addition_ShouldNormalizeResult" />
    </UnitTest>
    <UnitTest name="StarWars.Test.MoveCommandTests.MoveCommandPositionIsNotWritableTest" storage="f:\coding\study\oopnd\starwars.tests\bin\debug\net8.0\starwars.tests.dll" id="8af4438a-10ad-2897-b27a-8b7ffdd2ff4e">
      <Execution id="14f14948-b635-45d1-a9e2-923fcc208bc9" />
      <TestMethod codeBase="F:\Coding\study\OOPnD\StarWars.Tests\bin\Debug\net8.0\StarWars.Tests.dll" adapterTypeName="executor://xunit/VsTestRunner2/netcoreapp" className="StarWars.Test.MoveCommandTests" name="MoveCommandPositionIsNotWritableTest" />
    </UnitTest>
    <UnitTest name="StarWars.Test.DegreeCommandTests.OneNotEqualsTwo" storage="f:\coding\study\oopnd\starwars.tests\bin\debug\net8.0\starwars.tests.dll" id="16943db8-a99f-c497-1927-f242de47f4d2">
      <Execution id="662adfcc-39af-4034-87bd-5b1e1a33d390" />
      <TestMethod codeBase="F:\Coding\study\OOPnD\StarWars.Tests\bin\Debug\net8.0\StarWars.Tests.dll" adapterTypeName="executor://xunit/VsTestRunner2/netcoreapp" className="StarWars.Test.DegreeCommandTests" name="OneNotEqualsTwo" />
    </UnitTest>
    <UnitTest name="StarWars.Test.RotateCommandTests.Test45plus90" storage="f:\coding\study\oopnd\starwars.tests\bin\debug\net8.0\starwars.tests.dll" id="11e1c685-9bdd-88db-2ca9-3cb0392c9392">
      <Execution id="1c684651-8fec-4679-a3a7-f5d10bb49411" />
      <TestMethod codeBase="F:\Coding\study\OOPnD\StarWars.Tests\bin\Debug\net8.0\StarWars.Tests.dll" adapterTypeName="executor://xunit/VsTestRunner2/netcoreapp" className="StarWars.Test.RotateCommandTests" name="Test45plus90" />
    </UnitTest>
    <UnitTest name="StarWars.Test.CustomVectorTests.CustomVectorEqualsReturnsTrueForIdenticalVectorsTest" storage="f:\coding\study\oopnd\starwars.tests\bin\debug\net8.0\starwars.tests.dll" id="a9da1bb8-2fd9-617d-00e0-496d12cfbbc2">
      <Execution id="e277383f-2a39-4d91-a365-9f415b54adb8" />
      <TestMethod codeBase="F:\Coding\study\OOPnD\StarWars.Tests\bin\Debug\net8.0\StarWars.Tests.dll" adapterTypeName="executor://xunit/VsTestRunner2/netcoreapp" className="StarWars.Test.CustomVectorTests" name="CustomVectorEqualsReturnsTrueForIdenticalVectorsTest" />
    </UnitTest>
    <UnitTest name="StarWars.Test.RotateCommandTests.TestCannotSetAngle" storage="f:\coding\study\oopnd\starwars.tests\bin\debug\net8.0\starwars.tests.dll" id="cfb378b0-daa5-c153-6ba8-e8e1080f66b8">
      <Execution id="3b486bf3-ecc7-414d-86ac-da68de81d68c" />
      <TestMethod codeBase="F:\Coding\study\OOPnD\StarWars.Tests\bin\Debug\net8.0\StarWars.Tests.dll" adapterTypeName="executor://xunit/VsTestRunner2/netcoreapp" className="StarWars.Test.RotateCommandTests" name="TestCannotSetAngle" />
    </UnitTest>
    <UnitTest name="StarWars.Test.CustomVectorTests.CustomVectorOperatorPlusAddsVectorsCorrectlyTest" storage="f:\coding\study\oopnd\starwars.tests\bin\debug\net8.0\starwars.tests.dll" id="6d2cf517-eb77-12f2-b92f-1f38d13518ab">
      <Execution id="549f390a-bbd1-4edf-9207-1691d8ec125d" />
      <TestMethod codeBase="F:\Coding\study\OOPnD\StarWars.Tests\bin\Debug\net8.0\StarWars.Tests.dll" adapterTypeName="executor://xunit/VsTestRunner2/netcoreapp" className="StarWars.Test.CustomVectorTests" name="CustomVectorOperatorPlusAddsVectorsCorrectlyTest" />
    </UnitTest>
    <UnitTest name="StarWars.Test.CustomVectorTests.CustomVecorIsInitializableTest" storage="f:\coding\study\oopnd\starwars.tests\bin\debug\net8.0\starwars.tests.dll" id="3db7631c-7160-86ff-cc51-cd50965435e3">
      <Execution id="2e4fb4fa-6aed-49e3-96b9-bf8981e0aeff" />
      <TestMethod codeBase="F:\Coding\study\OOPnD\StarWars.Tests\bin\Debug\net8.0\StarWars.Tests.dll" adapterTypeName="executor://xunit/VsTestRunner2/netcoreapp" className="StarWars.Test.CustomVectorTests" name="CustomVecorIsInitializableTest" />
    </UnitTest>
    <UnitTest name="StarWars.Test.MoveCommandTests.MoveCommandVelocityIsNotReadableTest" storage="f:\coding\study\oopnd\starwars.tests\bin\debug\net8.0\starwars.tests.dll" id="2e995f4b-c04b-a51f-f0e5-021e6c7394c3">
      <Execution id="8f99f3f1-6fa8-495e-b7fc-b79a5d6afc62" />
      <TestMethod codeBase="F:\Coding\study\OOPnD\StarWars.Tests\bin\Debug\net8.0\StarWars.Tests.dll" adapterTypeName="executor://xunit/VsTestRunner2/netcoreapp" className="StarWars.Test.MoveCommandTests" name="MoveCommandVelocityIsNotReadableTest" />
    </UnitTest>
    <UnitTest name="StarWars.Test.DegreeCommandTests.FifteenSymbolEqualsTwentyThree" storage="f:\coding\study\oopnd\starwars.tests\bin\debug\net8.0\starwars.tests.dll" id="b92beb64-22d0-ada7-d00e-1c79d1574d63">
      <Execution id="2d847201-720d-40dc-97ed-7e9fddddcd37" />
      <TestMethod codeBase="F:\Coding\study\OOPnD\StarWars.Tests\bin\Debug\net8.0\StarWars.Tests.dll" adapterTypeName="executor://xunit/VsTestRunner2/netcoreapp" className="StarWars.Test.DegreeCommandTests" name="FifteenSymbolEqualsTwentyThree" />
    </UnitTest>
    <UnitTest name="StarWars.Test.DegreeCommandTests.AngleNotEqualsNotAngle" storage="f:\coding\study\oopnd\starwars.tests\bin\debug\net8.0\starwars.tests.dll" id="ddd758ee-9833-c6bc-9f6b-c8e6c12a016f">
      <Execution id="0f2f5315-1d43-4294-90bb-5de572ca04b1" />
      <TestMethod codeBase="F:\Coding\study\OOPnD\StarWars.Tests\bin\Debug\net8.0\StarWars.Tests.dll" adapterTypeName="executor://xunit/VsTestRunner2/netcoreapp" className="StarWars.Test.DegreeCommandTests" name="AngleNotEqualsNotAngle" />
    </UnitTest>
    <UnitTest name="StarWars.Test.CustomVectorTests.CustomVectorGetHashCodeReturnsDifferentForDifferentVectorsTest" storage="f:\coding\study\oopnd\starwars.tests\bin\debug\net8.0\starwars.tests.dll" id="43dbe714-6d84-106b-a374-e5d0e9f9f661">
      <Execution id="ac4936da-cbc7-4e29-80fb-4ad5250d17fc" />
      <TestMethod codeBase="F:\Coding\study\OOPnD\StarWars.Tests\bin\Debug\net8.0\StarWars.Tests.dll" adapterTypeName="executor://xunit/VsTestRunner2/netcoreapp" className="StarWars.Test.CustomVectorTests" name="CustomVectorGetHashCodeReturnsDifferentForDifferentVectorsTest" />
    </UnitTest>
    <UnitTest name="StarWars.Test.DegreeCommandTests.NumeratorShouldUpdateValue" storage="f:\coding\study\oopnd\starwars.tests\bin\debug\net8.0\starwars.tests.dll" id="e9fcf1e7-e0a5-fb67-bad8-5d2a227da781">
      <Execution id="eb79a7ba-c2be-4fc1-9a39-8798e6a25673" />
      <TestMethod codeBase="F:\Coding\study\OOPnD\StarWars.Tests\bin\Debug\net8.0\StarWars.Tests.dll" adapterTypeName="executor://xunit/VsTestRunner2/netcoreapp" className="StarWars.Test.DegreeCommandTests" name="NumeratorShouldUpdateValue" />
    </UnitTest>
    <UnitTest name="StarWars.Test.DegreeCommandTests.AngleHasHashCode" storage="f:\coding\study\oopnd\starwars.tests\bin\debug\net8.0\starwars.tests.dll" id="404a6a86-a629-9e01-ac0a-915a70c42553">
      <Execution id="75503a75-8f2f-4d41-9a2a-8ec79082eda1" />
      <TestMethod codeBase="F:\Coding\study\OOPnD\StarWars.Tests\bin\Debug\net8.0\StarWars.Tests.dll" adapterTypeName="executor://xunit/VsTestRunner2/netcoreapp" className="StarWars.Test.DegreeCommandTests" name="AngleHasHashCode" />
    </UnitTest>
    <UnitTest name="StarWars.Test.DegreeCommandTests.SinGivesCorrectValue" storage="f:\coding\study\oopnd\starwars.tests\bin\debug\net8.0\starwars.tests.dll" id="86059e1b-86ce-b46b-c535-ab190a984815">
      <Execution id="2cbdcaf0-95c2-498c-8d0e-fbd9d0e0406f" />
      <TestMethod codeBase="F:\Coding\study\OOPnD\StarWars.Tests\bin\Debug\net8.0\StarWars.Tests.dll" adapterTypeName="executor://xunit/VsTestRunner2/netcoreapp" className="StarWars.Test.DegreeCommandTests" name="SinGivesCorrectValue" />
    </UnitTest>
    <UnitTest name="StarWars.Test.DegreeCommandTests.NumeratorShouldNormalizeNegative" storage="f:\coding\study\oopnd\starwars.tests\bin\debug\net8.0\starwars.tests.dll" id="203cf6ad-0cb4-e9b2-d0ea-04e7b4c22672">
      <Execution id="e4fac0ab-9a7c-4ba4-af09-f410a698d763" />
      <TestMethod codeBase="F:\Coding\study\OOPnD\StarWars.Tests\bin\Debug\net8.0\StarWars.Tests.dll" adapterTypeName="executor://xunit/VsTestRunner2/netcoreapp" className="StarWars.Test.DegreeCommandTests" name="NumeratorShouldNormalizeNegative" />
    </UnitTest>
    <UnitTest name="StarWars.Test.CustomVectorTests.CustomVectorEqualsReturnsFalseForNullTest" storage="f:\coding\study\oopnd\starwars.tests\bin\debug\net8.0\starwars.tests.dll" id="330e4737-df4e-d90f-ecb3-588aa8e905f5">
      <Execution id="2e88698d-955d-4ef1-9f31-d03fbd8db85f" />
      <TestMethod codeBase="F:\Coding\study\OOPnD\StarWars.Tests\bin\Debug\net8.0\StarWars.Tests.dll" adapterTypeName="executor://xunit/VsTestRunner2/netcoreapp" className="StarWars.Test.CustomVectorTests" name="CustomVectorEqualsReturnsFalseForNullTest" />
    </UnitTest>
    <UnitTest name="StarWars.Test.DegreeCommandTests.OneNotSymbolEqualsTwo" storage="f:\coding\study\oopnd\starwars.tests\bin\debug\net8.0\starwars.tests.dll" id="0092940d-eb2b-fd49-be44-451e341cec58">
      <Execution id="60ebc1ba-cf98-4812-9ea4-771e820ebb1c" />
      <TestMethod codeBase="F:\Coding\study\OOPnD\StarWars.Tests\bin\Debug\net8.0\StarWars.Tests.dll" adapterTypeName="executor://xunit/VsTestRunner2/netcoreapp" className="StarWars.Test.DegreeCommandTests" name="OneNotSymbolEqualsTwo" />
    </UnitTest>
    <UnitTest name="StarWars.Test.MoveCommandTests.MoveCommandPositionIsNotReadableTest" storage="f:\coding\study\oopnd\starwars.tests\bin\debug\net8.0\starwars.tests.dll" id="ee817547-a9a1-8871-69d2-935e4817a509">
      <Execution id="75657d1d-228d-4627-b4de-7efd1bdcf3b0" />
      <TestMethod codeBase="F:\Coding\study\OOPnD\StarWars.Tests\bin\Debug\net8.0\StarWars.Tests.dll" adapterTypeName="executor://xunit/VsTestRunner2/netcoreapp" className="StarWars.Test.MoveCommandTests" name="MoveCommandPositionIsNotReadableTest" />
    </UnitTest>
    <UnitTest name="StarWars.Test.DegreeCommandTests.NegativeAngle_ShouldNormalizeToPositive" storage="f:\coding\study\oopnd\starwars.tests\bin\debug\net8.0\starwars.tests.dll" id="76a4bb4b-0384-238f-9612-550e9ddc2ba5">
      <Execution id="8c9bbeda-c224-4f8f-a952-173337ff672d" />
      <TestMethod codeBase="F:\Coding\study\OOPnD\StarWars.Tests\bin\Debug\net8.0\StarWars.Tests.dll" adapterTypeName="executor://xunit/VsTestRunner2/netcoreapp" className="StarWars.Test.DegreeCommandTests" name="NegativeAngle_ShouldNormalizeToPositive" />
    </UnitTest>
    <UnitTest name="StarWars.Test.CustomVectorTests.CustomVectorOperatorEqualsReturnsTrueForSameReferenceTest" storage="f:\coding\study\oopnd\starwars.tests\bin\debug\net8.0\starwars.tests.dll" id="171a0d2d-89a8-eaf4-e7d6-80c63b340ab0">
      <Execution id="2ceb64cb-5677-430f-a977-abf9b60df320" />
      <TestMethod codeBase="F:\Coding\study\OOPnD\StarWars.Tests\bin\Debug\net8.0\StarWars.Tests.dll" adapterTypeName="executor://xunit/VsTestRunner2/netcoreapp" className="StarWars.Test.CustomVectorTests" name="CustomVectorOperatorEqualsReturnsTrueForSameReferenceTest" />
    </UnitTest>
    <UnitTest name="StarWars.Test.DegreeCommandTests.NumeratorShouldNormalize" storage="f:\coding\study\oopnd\starwars.tests\bin\debug\net8.0\starwars.tests.dll" id="e7b6bd48-a91a-aaba-d549-c24fbbded57b">
      <Execution id="47ba957e-d7fd-4a8e-9db7-3343503219d8" />
      <TestMethod codeBase="F:\Coding\study\OOPnD\StarWars.Tests\bin\Debug\net8.0\StarWars.Tests.dll" adapterTypeName="executor://xunit/VsTestRunner2/netcoreapp" className="StarWars.Test.DegreeCommandTests" name="NumeratorShouldNormalize" />
    </UnitTest>
    <UnitTest name="StarWars.Test.CustomVectorTests.CustomVectorOperatorPlusThrowsForDifferentLengthsTest" storage="f:\coding\study\oopnd\starwars.tests\bin\debug\net8.0\starwars.tests.dll" id="de2643d5-9cf4-3af6-25e9-beba112a557b">
      <Execution id="0f2adc66-59ae-4824-901e-710a18681bb2" />
      <TestMethod codeBase="F:\Coding\study\OOPnD\StarWars.Tests\bin\Debug\net8.0\StarWars.Tests.dll" adapterTypeName="executor://xunit/VsTestRunner2/netcoreapp" className="StarWars.Test.CustomVectorTests" name="CustomVectorOperatorPlusThrowsForDifferentLengthsTest" />
    </UnitTest>
    <UnitTest name="StarWars.Test.DegreeCommandTests.AngleNotEqualsNull" storage="f:\coding\study\oopnd\starwars.tests\bin\debug\net8.0\starwars.tests.dll" id="dabd223b-f7d9-2eb5-2271-d614f797e07d">
      <Execution id="1f2aacb7-f17b-4d4c-ab05-35837b2416ad" />
      <TestMethod codeBase="F:\Coding\study\OOPnD\StarWars.Tests\bin\Debug\net8.0\StarWars.Tests.dll" adapterTypeName="executor://xunit/VsTestRunner2/netcoreapp" className="StarWars.Test.DegreeCommandTests" name="AngleNotEqualsNull" />
    </UnitTest>
    <UnitTest name="StarWars.Test.MoveCommandTests.MoveCommandPositionUpdateTest" storage="f:\coding\study\oopnd\starwars.tests\bin\debug\net8.0\starwars.tests.dll" id="2476ae86-867b-56ad-b3e9-024bc350c0e6">
      <Execution id="04e948ee-9586-4f45-8868-366678882d10" />
      <TestMethod codeBase="F:\Coding\study\OOPnD\StarWars.Tests\bin\Debug\net8.0\StarWars.Tests.dll" adapterTypeName="executor://xunit/VsTestRunner2/netcoreapp" className="StarWars.Test.MoveCommandTests" name="MoveCommandPositionUpdateTest" />
    </UnitTest>
    <UnitTest name="StarWars.Test.CustomVectorTests.CustomVectorOperatorNotEqualsReturnsTrueForDifferentVectorsTest" storage="f:\coding\study\oopnd\starwars.tests\bin\debug\net8.0\starwars.tests.dll" id="f336340c-5538-a39b-ff20-70d11f457970">
      <Execution id="e77cc443-8477-446b-8a9e-a8d393e7fbbe" />
      <TestMethod codeBase="F:\Coding\study\OOPnD\StarWars.Tests\bin\Debug\net8.0\StarWars.Tests.dll" adapterTypeName="executor://xunit/VsTestRunner2/netcoreapp" className="StarWars.Test.CustomVectorTests" name="CustomVectorOperatorNotEqualsReturnsTrueForDifferentVectorsTest" />
    </UnitTest>
    <UnitTest name="StarWars.Test.RotateCommandTests.TestCannotReadRotateVelocity" storage="f:\coding\study\oopnd\starwars.tests\bin\debug\net8.0\starwars.tests.dll" id="64f7d3dd-671d-48a9-6d77-2792e4f70722">
      <Execution id="04c95b8b-7066-433d-8b95-fee9eea737cf" />
      <TestMethod codeBase="F:\Coding\study\OOPnD\StarWars.Tests\bin\Debug\net8.0\StarWars.Tests.dll" adapterTypeName="executor://xunit/VsTestRunner2/netcoreapp" className="StarWars.Test.RotateCommandTests" name="TestCannotReadRotateVelocity" />
    </UnitTest>
    <UnitTest name="StarWars.Test.CustomVectorTests.CustomVectorGetHashCodeReturnsSameForIdenticalVectorsTest" storage="f:\coding\study\oopnd\starwars.tests\bin\debug\net8.0\starwars.tests.dll" id="ffb44b75-25d7-b1e5-b4e3-20d63554c219">
      <Execution id="e378f616-29a1-499b-af08-a991d5736533" />
      <TestMethod codeBase="F:\Coding\study\OOPnD\StarWars.Tests\bin\Debug\net8.0\StarWars.Tests.dll" adapterTypeName="executor://xunit/VsTestRunner2/netcoreapp" className="StarWars.Test.CustomVectorTests" name="CustomVectorGetHashCodeReturnsSameForIdenticalVectorsTest" />
    </UnitTest>
    <UnitTest name="StarWars.Test.DegreeCommandTests.CosGivesCorrectValue" storage="f:\coding\study\oopnd\starwars.tests\bin\debug\net8.0\starwars.tests.dll" id="d2264a18-97e5-2698-e4f2-b0aba558ec47">
      <Execution id="d31a2f6e-1c41-4347-b5f1-a7cdc0c61d0f" />
      <TestMethod codeBase="F:\Coding\study\OOPnD\StarWars.Tests\bin\Debug\net8.0\StarWars.Tests.dll" adapterTypeName="executor://xunit/VsTestRunner2/netcoreapp" className="StarWars.Test.DegreeCommandTests" name="CosGivesCorrectValue" />
    </UnitTest>
    <UnitTest name="StarWars.Test.CustomVectorTests.OperatorEquals_ShouldReturnFalseForDifferentVectors" storage="f:\coding\study\oopnd\starwars.tests\bin\debug\net8.0\starwars.tests.dll" id="893af1a0-d5d3-8faf-f670-826bba27e799">
      <Execution id="bb65c3a7-f103-4a6b-a49a-bcb3b339a3db" />
      <TestMethod codeBase="F:\Coding\study\OOPnD\StarWars.Tests\bin\Debug\net8.0\StarWars.Tests.dll" adapterTypeName="executor://xunit/VsTestRunner2/netcoreapp" className="StarWars.Test.CustomVectorTests" name="OperatorEquals_ShouldReturnFalseForDifferentVectors" />
    </UnitTest>
    <UnitTest name="StarWars.Test.CustomVectorTests.CustomVectorEqualsReturnsFalseForDifferentTypeTest" storage="f:\coding\study\oopnd\starwars.tests\bin\debug\net8.0\starwars.tests.dll" id="0c55cc78-8a29-81ab-1534-d45aa358c56b">
      <Execution id="59252a7f-8862-4405-afbb-f9fb6368801b" />
      <TestMethod codeBase="F:\Coding\study\OOPnD\StarWars.Tests\bin\Debug\net8.0\StarWars.Tests.dll" adapterTypeName="executor://xunit/VsTestRunner2/netcoreapp" className="StarWars.Test.CustomVectorTests" name="CustomVectorEqualsReturnsFalseForDifferentTypeTest" />
    </UnitTest>
    <UnitTest name="StarWars.Test.DegreeCommandTests.FifteenEqualsTwentyThree" storage="f:\coding\study\oopnd\starwars.tests\bin\debug\net8.0\starwars.tests.dll" id="550e9eb4-e094-4967-f545-1eea23298d0b">
      <Execution id="78e79369-8cf8-4fd3-9a5f-3b1128e9f126" />
      <TestMethod codeBase="F:\Coding\study\OOPnD\StarWars.Tests\bin\Debug\net8.0\StarWars.Tests.dll" adapterTypeName="executor://xunit/VsTestRunner2/netcoreapp" className="StarWars.Test.DegreeCommandTests" name="FifteenEqualsTwentyThree" />
    </UnitTest>
    <UnitTest name="StarWars.Test.DegreeCommandTests.FivePlusSevenEqualsFour" storage="f:\coding\study\oopnd\starwars.tests\bin\debug\net8.0\starwars.tests.dll" id="da83f552-a85b-34e5-5d3a-0a286c957041">
      <Execution id="40330927-492e-4063-9c5e-830ad092c175" />
      <TestMethod codeBase="F:\Coding\study\OOPnD\StarWars.Tests\bin\Debug\net8.0\StarWars.Tests.dll" adapterTypeName="executor://xunit/VsTestRunner2/netcoreapp" className="StarWars.Test.DegreeCommandTests" name="FivePlusSevenEqualsFour" />
    </UnitTest>
    <UnitTest name="StarWars.Test.RotateCommandTests.TestCannotReadAngle" storage="f:\coding\study\oopnd\starwars.tests\bin\debug\net8.0\starwars.tests.dll" id="e7731891-1f60-70ba-dcae-c03fbea36cf5">
      <Execution id="b736cd64-2c9f-4246-9a6d-29f4a6b57314" />
      <TestMethod codeBase="F:\Coding\study\OOPnD\StarWars.Tests\bin\Debug\net8.0\StarWars.Tests.dll" adapterTypeName="executor://xunit/VsTestRunner2/netcoreapp" className="StarWars.Test.RotateCommandTests" name="TestCannotReadAngle" />
    </UnitTest>
    <UnitTest name="StarWars.Test.DegreeCommandTests.NumeratorShouldNotChange" storage="f:\coding\study\oopnd\starwars.tests\bin\debug\net8.0\starwars.tests.dll" id="20a9e2a6-a2a5-c19e-5bcb-d52abcd8a3d7">
      <Execution id="81c52fdb-4a8d-4133-b670-1a5e68774297" />
      <TestMethod codeBase="F:\Coding\study\OOPnD\StarWars.Tests\bin\Debug\net8.0\StarWars.Tests.dll" adapterTypeName="executor://xunit/VsTestRunner2/netcoreapp" className="StarWars.Test.DegreeCommandTests" name="NumeratorShouldNotChange" />
    </UnitTest>
    <UnitTest name="StarWars.Test.CustomVectorTests.CustomVectorEqualsReturnsFalseForDifferentVectorsTest" storage="f:\coding\study\oopnd\starwars.tests\bin\debug\net8.0\starwars.tests.dll" id="aa893fe1-33ee-fc78-8bca-94e1cf23cdb7">
      <Execution id="7cbdf385-56e3-437b-9a46-059449bf3f1e" />
      <TestMethod codeBase="F:\Coding\study\OOPnD\StarWars.Tests\bin\Debug\net8.0\StarWars.Tests.dll" adapterTypeName="executor://xunit/VsTestRunner2/netcoreapp" className="StarWars.Test.CustomVectorTests" name="CustomVectorEqualsReturnsFalseForDifferentVectorsTest" />
    </UnitTest>
  </TestDefinitions>
  <TestEntries>
    <TestEntry testId="3db7631c-7160-86ff-cc51-cd50965435e3" executionId="2e4fb4fa-6aed-49e3-96b9-bf8981e0aeff" testListId="8c84fa94-04c1-424b-9868-57a2d4851a1d" />
    <TestEntry testId="893af1a0-d5d3-8faf-f670-826bba27e799" executionId="bb65c3a7-f103-4a6b-a49a-bcb3b339a3db" testListId="8c84fa94-04c1-424b-9868-57a2d4851a1d" />
    <TestEntry testId="de2643d5-9cf4-3af6-25e9-beba112a557b" executionId="0f2adc66-59ae-4824-901e-710a18681bb2" testListId="8c84fa94-04c1-424b-9868-57a2d4851a1d" />
    <TestEntry testId="76a4bb4b-0384-238f-9612-550e9ddc2ba5" executionId="8c9bbeda-c224-4f8f-a952-173337ff672d" testListId="8c84fa94-04c1-424b-9868-57a2d4851a1d" />
    <TestEntry testId="f336340c-5538-a39b-ff20-70d11f457970" executionId="e77cc443-8477-446b-8a9e-a8d393e7fbbe" testListId="8c84fa94-04c1-424b-9868-57a2d4851a1d" />
    <TestEntry testId="b92beb64-22d0-ada7-d00e-1c79d1574d63" executionId="2d847201-720d-40dc-97ed-7e9fddddcd37" testListId="8c84fa94-04c1-424b-9868-57a2d4851a1d" />
    <TestEntry testId="e7731891-1f60-70ba-dcae-c03fbea36cf5" executionId="b736cd64-2c9f-4246-9a6d-29f4a6b57314" testListId="8c84fa94-04c1-424b-9868-57a2d4851a1d" />
    <TestEntry testId="203cf6ad-0cb4-e9b2-d0ea-04e7b4c22672" executionId="e4fac0ab-9a7c-4ba4-af09-f410a698d763" testListId="8c84fa94-04c1-424b-9868-57a2d4851a1d" />
    <TestEntry testId="d2264a18-97e5-2698-e4f2-b0aba558ec47" executionId="d31a2f6e-1c41-4347-b5f1-a7cdc0c61d0f" testListId="8c84fa94-04c1-424b-9868-57a2d4851a1d" />
    <TestEntry testId="e9fcf1e7-e0a5-fb67-bad8-5d2a227da781" executionId="eb79a7ba-c2be-4fc1-9a39-8798e6a25673" testListId="8c84fa94-04c1-424b-9868-57a2d4851a1d" />
    <TestEntry testId="ffb44b75-25d7-b1e5-b4e3-20d63554c219" executionId="e378f616-29a1-499b-af08-a991d5736533" testListId="8c84fa94-04c1-424b-9868-57a2d4851a1d" />
    <TestEntry testId="ee817547-a9a1-8871-69d2-935e4817a509" executionId="75657d1d-228d-4627-b4de-7efd1bdcf3b0" testListId="8c84fa94-04c1-424b-9868-57a2d4851a1d" />
    <TestEntry testId="0092940d-eb2b-fd49-be44-451e341cec58" executionId="60ebc1ba-cf98-4812-9ea4-771e820ebb1c" testListId="8c84fa94-04c1-424b-9868-57a2d4851a1d" />
    <TestEntry testId="dabd223b-f7d9-2eb5-2271-d614f797e07d" executionId="1f2aacb7-f17b-4d4c-ab05-35837b2416ad" testListId="8c84fa94-04c1-424b-9868-57a2d4851a1d" />
    <TestEntry testId="20a9e2a6-a2a5-c19e-5bcb-d52abcd8a3d7" executionId="81c52fdb-4a8d-4133-b670-1a5e68774297" testListId="8c84fa94-04c1-424b-9868-57a2d4851a1d" />
    <TestEntry testId="acfd38b8-7ce4-87c7-b27f-0eae9ab48a18" executionId="d0e36da2-377e-43e4-97b4-774c17be5049" testListId="8c84fa94-04c1-424b-9868-57a2d4851a1d" />
    <TestEntry testId="aa893fe1-33ee-fc78-8bca-94e1cf23cdb7" executionId="7cbdf385-56e3-437b-9a46-059449bf3f1e" testListId="8c84fa94-04c1-424b-9868-57a2d4851a1d" />
    <TestEntry testId="86059e1b-86ce-b46b-c535-ab190a984815" executionId="2cbdcaf0-95c2-498c-8d0e-fbd9d0e0406f" testListId="8c84fa94-04c1-424b-9868-57a2d4851a1d" />
    <TestEntry testId="11e1c685-9bdd-88db-2ca9-3cb0392c9392" executionId="1c684651-8fec-4679-a3a7-f5d10bb49411" testListId="8c84fa94-04c1-424b-9868-57a2d4851a1d" />
    <TestEntry testId="16943db8-a99f-c497-1927-f242de47f4d2" executionId="662adfcc-39af-4034-87bd-5b1e1a33d390" testListId="8c84fa94-04c1-424b-9868-57a2d4851a1d" />
    <TestEntry testId="404a6a86-a629-9e01-ac0a-915a70c42553" executionId="75503a75-8f2f-4d41-9a2a-8ec79082eda1" testListId="8c84fa94-04c1-424b-9868-57a2d4851a1d" />
    <TestEntry testId="cfb378b0-daa5-c153-6ba8-e8e1080f66b8" executionId="3b486bf3-ecc7-414d-86ac-da68de81d68c" testListId="8c84fa94-04c1-424b-9868-57a2d4851a1d" />
    <TestEntry testId="a9da1bb8-2fd9-617d-00e0-496d12cfbbc2" executionId="e277383f-2a39-4d91-a365-9f415b54adb8" testListId="8c84fa94-04c1-424b-9868-57a2d4851a1d" />
    <TestEntry testId="ddd758ee-9833-c6bc-9f6b-c8e6c12a016f" executionId="0f2f5315-1d43-4294-90bb-5de572ca04b1" testListId="8c84fa94-04c1-424b-9868-57a2d4851a1d" />
    <TestEntry testId="da83f552-a85b-34e5-5d3a-0a286c957041" executionId="40330927-492e-4063-9c5e-830ad092c175" testListId="8c84fa94-04c1-424b-9868-57a2d4851a1d" />
    <TestEntry testId="2476ae86-867b-56ad-b3e9-024bc350c0e6" executionId="04e948ee-9586-4f45-8868-366678882d10" testListId="8c84fa94-04c1-424b-9868-57a2d4851a1d" />
    <TestEntry testId="171a0d2d-89a8-eaf4-e7d6-80c63b340ab0" executionId="2ceb64cb-5677-430f-a977-abf9b60df320" testListId="8c84fa94-04c1-424b-9868-57a2d4851a1d" />
    <TestEntry testId="6d2cf517-eb77-12f2-b92f-1f38d13518ab" executionId="549f390a-bbd1-4edf-9207-1691d8ec125d" testListId="8c84fa94-04c1-424b-9868-57a2d4851a1d" />
    <TestEntry testId="8af4438a-10ad-2897-b27a-8b7ffdd2ff4e" executionId="14f14948-b635-45d1-a9e2-923fcc208bc9" testListId="8c84fa94-04c1-424b-9868-57a2d4851a1d" />
    <TestEntry testId="64f7d3dd-671d-48a9-6d77-2792e4f70722" executionId="04c95b8b-7066-433d-8b95-fee9eea737cf" testListId="8c84fa94-04c1-424b-9868-57a2d4851a1d" />
    <TestEntry testId="0c55cc78-8a29-81ab-1534-d45aa358c56b" executionId="59252a7f-8862-4405-afbb-f9fb6368801b" testListId="8c84fa94-04c1-424b-9868-57a2d4851a1d" />
    <TestEntry testId="43dbe714-6d84-106b-a374-e5d0e9f9f661" executionId="ac4936da-cbc7-4e29-80fb-4ad5250d17fc" testListId="8c84fa94-04c1-424b-9868-57a2d4851a1d" />
    <TestEntry testId="e7b6bd48-a91a-aaba-d549-c24fbbded57b" executionId="47ba957e-d7fd-4a8e-9db7-3343503219d8" testListId="8c84fa94-04c1-424b-9868-57a2d4851a1d" />
    <TestEntry testId="550e9eb4-e094-4967-f545-1eea23298d0b" executionId="78e79369-8cf8-4fd3-9a5f-3b1128e9f126" testListId="8c84fa94-04c1-424b-9868-57a2d4851a1d" />
    <TestEntry testId="2e995f4b-c04b-a51f-f0e5-021e6c7394c3" executionId="8f99f3f1-6fa8-495e-b7fc-b79a5d6afc62" testListId="8c84fa94-04c1-424b-9868-57a2d4851a1d" />
    <TestEntry testId="330e4737-df4e-d90f-ecb3-588aa8e905f5" executionId="2e88698d-955d-4ef1-9f31-d03fbd8db85f" testListId="8c84fa94-04c1-424b-9868-57a2d4851a1d" />
  </TestEntries>
  <TestLists>
    <TestList name="Список результатов" id="8c84fa94-04c1-424b-9868-57a2d4851a1d" />
    <TestList name="Все загруженные результаты" id="19431567-8539-422a-85d7-44ee4e166bda" />
  </TestLists>
  <ResultSummary outcome="Completed">
    <Counters total="36" executed="36" passed="36" failed="0" error="0" timeout="0" aborted="0" inconclusive="0" passedButRunAborted="0" notRunnable="0" notExecuted="0" disconnected="0" warning="0" completed="0" inProgress="0" pending="0" />
    <Output>
      <StdOut>[xUnit.net 00:00:00.00] xUnit.net VSTest Adapter v2.5.3.1+6b60a9e56a (64-bit .NET 8.0.10)&#xD;
[xUnit.net 00:00:00.08]   Discovering: StarWars.Tests&#xD;
[xUnit.net 00:00:00.11]   Discovered:  StarWars.Tests&#xD;
[xUnit.net 00:00:00.11]   Starting:    StarWars.Tests&#xD;
[xUnit.net 00:00:00.24]   Finished:    StarWars.Tests&#xD;
</StdOut>
    </Output>
    <CollectorDataEntries>
      <Collector agentName="TERRACODE" uri="datacollector://microsoft/CoverletCodeCoverage/1.0" collectorDisplayName="XPlat code coverage">
        <UriAttachments>
          <UriAttachment>
            <A href="TERRACODE\coverage.cobertura.xml"></A>
          </UriAttachment>
        </UriAttachments>
      </Collector>
    </CollectorDataEntries>
  </ResultSummary>
</TestRun>